
08/27 14:05:08 [[1;32mNOTICE[0m] Downloading 1 item(s)
[#662d24 0B/0B CN:1 DL:0B]

08/27 14:05:10 [[1;32mNOTICE[0m] CUID#7 - Redirecting to https://us.aws.cdn.hf.co/xet-bridge-us/6a83fdf1993fbb53ef83dbb1/c5e4bd4e5aead56c29af62fb4180f69b77a2f64cced4d117987bfbfb64860be4?user_id=public&response-content-disposition=inline%3B+filename*%3DUTF-8%27%27Ornith-1.5-35B-Q6_K.gguf%3B+filename%3D%22Ornith-1.5-35B-Q6_K.gguf%22%3B&X-Xet-Cas-Uid=public&Expires=1787814309&Policy=eyJTdGF0ZW1lbnQiOlt7IlJlc291cmNlIjoiaHR0cHM6Ly91cy5hd3MuY2RuLmhmLmNvL3hldC1icmlkZ2UtdXMvNmE4M2ZkZjE5OTNmYmI1M2VmODNkYmIxL2M1ZTRiZDRlNWFlYWQ1NmMyOWFmNjJmYjQxODBmNjliNzdhMmY2NGNjZWQ0ZDExNzk4N2JmYmZiNjQ4NjBiZTRcXD91c2VyX2lkPXB1YmxpYyZyZXNwb25zZS1jb250ZW50LWRpc3Bvc2l0aW9uPWlubGluZSUzQitmaWxlbmFtZSUyQSUzRFVURi04JTI3JTI3T3JuaXRoLTEuNS0zNUItUTZfSy5nZ3VmJTNCK2ZpbGVuYW1lJTNEJTIyT3JuaXRoLTEuNS0zNUItUTZfSy5nZ3VmJTIyJTNCJlgtWGV0LUNhcy1VaWQ9cHVibGljIiwiQ29uZGl0aW9uIjp7IkRhdGVMZXNzVGhhbiI6eyJFcG9jaFRpbWUiOjE3ODc4MTQzMDl9fX1dfQ__&Signature=MEUCIQDQiWHUrWuGavfmyJCV%7EjAR8QdGnxsY6Cw8eS4Q4aYCkQIgMFRSj-LUiIhuFOa5E224iwytFMDRExyx5kAHrLo2gts_&Key-Pair-Id=01KXEF4KZ1B6FV465MAWR4M21F
[#662d24 0B/0B CN:1 DL:0B]
[#662d24 0B/0B CN:1 DL:0B]
[#662d24 0B/0B CN:1 DL:0B]

08/27 14:05:12 [[1;32mNOTICE[0m] Allocating disk space. Use --file-allocation=none to disable it. See --file-allocation option in man page for more details.
[#662d24 221MiB/27GiB(0%) CN:0 DL:0B] [FileAlloc:#662d24 1.3GiB/27GiB(4%)]
[#662d24 221MiB/27GiB(0%) CN:0 DL:0B] [FileAlloc:#662d24 2.2GiB/27GiB(8%)]
[#662d24 221MiB/27GiB(0%) CN:0 DL:0B] [FileAlloc:#662d24 3.0GiB/27GiB(11%)]
[#662d24 221MiB/27GiB(0%) CN:0 DL:0B] [FileAlloc:#662d24 3.8GiB/27GiB(14%)]
[#662d24 221MiB/27GiB(0%) CN:0 DL:0B] [FileAlloc:#662d24 4.5GiB/27GiB(16%)]
[#662d24 221MiB/27GiB(0%) CN:0 DL:0B] [FileAlloc:#662d24 5.2GiB/27GiB(19%)]
[#662d24 221MiB/27GiB(0%) CN:0 DL:0B] [FileAlloc:#662d24 6.1GiB/27GiB(22%)]
[#662d24 221MiB/27GiB(0%) CN:0 DL:0B] [FileAlloc:#662d24 6.6GiB/27GiB(24%)]
[#662d24 221MiB/27GiB(0%) CN:0 DL:0B] [FileAlloc:#662d24 7.2GiB/27GiB(26%)]
[#662d24 221MiB/27GiB(0%) CN:0 DL:0B] [FileAlloc:#662d24 7.7GiB/27GiB(28%)]
[#662d24 221MiB/27GiB(0%) CN:0 DL:0B] [FileAlloc:#662d24 8.3GiB/27GiB(30%)]
[#662d24 221MiB/27GiB(0%) CN:0 DL:0B] [FileAlloc:#662d24 8.9GiB/27GiB(32%)]
[#662d24 221MiB/27GiB(0%) CN:0 DL:0B] [FileAlloc:#662d24 9.5GiB/27GiB(35%)]
[#662d24 221MiB/27GiB(0%) CN:0 DL:0B] [FileAlloc:#662d24 10GiB/27GiB(37%)]
[#662d24 221MiB/27GiB(0%) CN:0 DL:0B] [FileAlloc:#662d24 10GiB/27GiB(39%)]
[#662d24 221MiB/27GiB(0%) CN:0 DL:0B] [FileAlloc:#662d24 11GiB/27GiB(41%)]
[#662d24 221MiB/27GiB(0%) CN:0 DL:0B] [FileAlloc:#662d24 11GiB/27GiB(44%)]
[#662d24 221MiB/27GiB(0%) CN:0 DL:0B] [FileAlloc:#662d24 12GiB/27GiB(46%)]
[#662d24 221MiB/27GiB(0%) CN:0 DL:0B] [FileAlloc:#662d24 13GiB/27GiB(48%)]
[#662d24 221MiB/27GiB(0%) CN:0 DL:0B] [FileAlloc:#662d24 13GiB/27GiB(50%)]
[#662d24 221MiB/27GiB(0%) CN:0 DL:0B] [FileAlloc:#662d24 14GiB/27GiB(52%)]
[#662d24 221MiB/27GiB(0%) CN:0 DL:0B] [FileAlloc:#662d24 14GiB/27GiB(54%)]
[#662d24 221MiB/27GiB(0%) CN:0 DL:0B] [FileAlloc:#662d24 15GiB/27GiB(56%)]
[#662d24 221MiB/27GiB(0%) CN:0 DL:0B] [FileAlloc:#662d24 16GiB/27GiB(59%)]
[#662d24 221MiB/27GiB(0%) CN:0 DL:0B] [FileAlloc:#662d24 16GiB/27GiB(61%)]
[#662d24 221MiB/27GiB(0%) CN:0 DL:0B] [FileAlloc:#662d24 17GiB/27GiB(63%)]
[#662d24 221MiB/27GiB(0%) CN:0 DL:0B] [FileAlloc:#662d24 18GiB/27GiB(66%)]
[#662d24 221MiB/27GiB(0%) CN:0 DL:0B] [FileAlloc:#662d24 18GiB/27GiB(69%)]
[#662d24 221MiB/27GiB(0%) CN:0 DL:0B] [FileAlloc:#662d24 19GiB/27GiB(72%)]
[#662d24 221MiB/27GiB(0%) CN:0 DL:0B] [FileAlloc:#662d24 20GiB/27GiB(74%)]
[#662d24 221MiB/27GiB(0%) CN:0 DL:0B] [FileAlloc:#662d24 20GiB/27GiB(77%)]
[#662d24 221MiB/27GiB(0%) CN:0 DL:0B] [FileAlloc:#662d24 21GiB/27GiB(79%)]
[#662d24 221MiB/27GiB(0%) CN:0 DL:0B] [FileAlloc:#662d24 22GiB/27GiB(82%)]
[#662d24 221MiB/27GiB(0%) CN:0 DL:0B] [FileAlloc:#662d24 23GiB/27GiB(84%)]
[#662d24 221MiB/27GiB(0%) CN:0 DL:0B] [FileAlloc:#662d24 23GiB/27GiB(87%)]
[#662d24 221MiB/27GiB(0%) CN:0 DL:0B] [FileAlloc:#662d24 24GiB/27GiB(91%)]
[#662d24 221MiB/27GiB(0%) CN:0 DL:0B] [FileAlloc:#662d24 25GiB/27GiB(95%)]
[#662d24 221MiB/27GiB(0%) CN:0 DL:0B] [FileAlloc:#662d24 26GiB/27GiB(98%)]
[#662d24 221MiB/27GiB(0%) CN:16 DL:0B]

08/27 14:05:52 [[1;32mNOTICE[0m] CUID#15 - Redirecting to https://us.aws.cdn.hf.co/xet-bridge-us/6a83fdf1993fbb53ef83dbb1/c5e4bd4e5aead56c29af62fb4180f69b77a2f64cced4d117987bfbfb64860be4?X-Xet-Cas-Uid=public&user_id=public&response-content-disposition=inline%3B+filename*%3DUTF-8%27%27Ornith-1.5-35B-Q6_K.gguf%3B+filename%3D%22Ornith-1.5-35B-Q6_K.gguf%22%3B&Expires=1787814352&Policy=eyJTdGF0ZW1lbnQiOlt7IlJlc291cmNlIjoiaHR0cHM6Ly91cy5hd3MuY2RuLmhmLmNvL3hldC1icmlkZ2UtdXMvNmE4M2ZkZjE5OTNmYmI1M2VmODNkYmIxL2M1ZTRiZDRlNWFlYWQ1NmMyOWFmNjJmYjQxODBmNjliNzdhMmY2NGNjZWQ0ZDExNzk4N2JmYmZiNjQ4NjBiZTRcXD9YLVhldC1DYXMtVWlkPXB1YmxpYyZ1c2VyX2lkPXB1YmxpYyZyZXNwb25zZS1jb250ZW50LWRpc3Bvc2l0aW9uPWlubGluZSUzQitmaWxlbmFtZSUyQSUzRFVURi04JTI3JTI3T3JuaXRoLTEuNS0zNUItUTZfSy5nZ3VmJTNCK2ZpbGVuYW1lJTNEJTIyT3JuaXRoLTEuNS0zNUItUTZfSy5nZ3VmJTIyJTNCIiwiQ29uZGl0aW9uIjp7IkRhdGVMZXNzVGhhbiI6eyJFcG9jaFRpbWUiOjE3ODc4MTQzNTJ9fX1dfQ__&Signature=MEYCIQCn0XTPb5RR2WVsdlgZGJy-9lSCLvZO3jTTTeN0v3C%7E2wIhANGG7sT3nQLBIL1cHKkNDzuNWqLaiJ55dKINAS5mGmuo&Key-Pair-Id=01KXEF4KZ1B6FV465MAWR4M21F

08/27 14:05:52 [[1;32mNOTICE[0m] CUID#10 - Redirecting to https://us.aws.cdn.hf.co/xet-bridge-us/6a83fdf1993fbb53ef83dbb1/c5e4bd4e5aead56c29af62fb4180f69b77a2f64cced4d117987bfbfb64860be4?user_id=public&response-content-disposition=inline%3B+filename*%3DUTF-8%27%27Ornith-1.5-35B-Q6_K.gguf%3B+filename%3D%22Ornith-1.5-35B-Q6_K.gguf%22%3B&X-Xet-Cas-Uid=public&Expires=1787814352&Policy=eyJTdGF0ZW1lbnQiOlt7IlJlc291cmNlIjoiaHR0cHM6Ly91cy5hd3MuY2RuLmhmLmNvL3hldC1icmlkZ2UtdXMvNmE4M2ZkZjE5OTNmYmI1M2VmODNkYmIxL2M1ZTRiZDRlNWFlYWQ1NmMyOWFmNjJmYjQxODBmNjliNzdhMmY2NGNjZWQ0ZDExNzk4N2JmYmZiNjQ4NjBiZTRcXD91c2VyX2lkPXB1YmxpYyZyZXNwb25zZS1jb250ZW50LWRpc3Bvc2l0aW9uPWlubGluZSUzQitmaWxlbmFtZSUyQSUzRFVURi04JTI3JTI3T3JuaXRoLTEuNS0zNUItUTZfSy5nZ3VmJTNCK2ZpbGVuYW1lJTNEJTIyT3JuaXRoLTEuNS0zNUItUTZfSy5nZ3VmJTIyJTNCJlgtWGV0LUNhcy1VaWQ9cHVibGljIiwiQ29uZGl0aW9uIjp7IkRhdGVMZXNzVGhhbiI6eyJFcG9jaFRpbWUiOjE3ODc4MTQzNTJ9fX1dfQ__&Signature=MEUCIByJZmdGRrv33UIGRfOomK%7Ee8ds-PQnKSzY%7EZfrL9iu0AiEA75L7GK9qxYd2BEqnXFozuThDOCiloVOmvYltZlYZMdI_&Key-Pair-Id=01KXEF4KZ1B6FV465MAWR4M21F

08/27 14:05:52 [[1;32mNOTICE[0m] CUID#12 - Redirecting to https://us.aws.cdn.hf.co/xet-bridge-us/6a83fdf1993fbb53ef83dbb1/c5e4bd4e5aead56c29af62fb4180f69b77a2f64cced4d117987bfbfb64860be4?X-Xet-Cas-Uid=public&response-content-disposition=inline%3B+filename*%3DUTF-8%27%27Ornith-1.5-35B-Q6_K.gguf%3B+filename%3D%22Ornith-1.5-35B-Q6_K.gguf%22%3B&user_id=public&Expires=1787814352&Policy=eyJTdGF0ZW1lbnQiOlt7IlJlc291cmNlIjoiaHR0cHM6Ly91cy5hd3MuY2RuLmhmLmNvL3hldC1icmlkZ2UtdXMvNmE4M2ZkZjE5OTNmYmI1M2VmODNkYmIxL2M1ZTRiZDRlNWFlYWQ1NmMyOWFmNjJmYjQxODBmNjliNzdhMmY2NGNjZWQ0ZDExNzk4N2JmYmZiNjQ4NjBiZTRcXD9YLVhldC1DYXMtVWlkPXB1YmxpYyZyZXNwb25zZS1jb250ZW50LWRpc3Bvc2l0aW9uPWlubGluZSUzQitmaWxlbmFtZSUyQSUzRFVURi04JTI3JTI3T3JuaXRoLTEuNS0zNUItUTZfSy5nZ3VmJTNCK2ZpbGVuYW1lJTNEJTIyT3JuaXRoLTEuNS0zNUItUTZfSy5nZ3VmJTIyJTNCJnVzZXJfaWQ9cHVibGljIiwiQ29uZGl0aW9uIjp7IkRhdGVMZXNzVGhhbiI6eyJFcG9jaFRpbWUiOjE3ODc4MTQzNTJ9fX1dfQ__&Signature=MEUCIAJD5gFGF96eeWC03IvuVVb0kGd5LP7bnXt680bKuUQ-AiEAxMrpO7nHkTIRiy8IYcqIYnH8wtfhnwrOGd92QN-pKKc_&Key-Pair-Id=01KXEF4KZ1B6FV465MAWR4M21F

08/27 14:05:52 [[1;32mNOTICE[0m] CUID#21 - Redirecting to https://us.aws.cdn.hf.co/xet-bridge-us/6a83fdf1993fbb53ef83dbb1/c5e4bd4e5aead56c29af62fb4180f69b77a2f64cced4d117987bfbfb64860be4?X-Xet-Cas-Uid=public&user_id=public&response-content-disposition=inline%3B+filename*%3DUTF-8%27%27Ornith-1.5-35B-Q6_K.gguf%3B+filename%3D%22Ornith-1.5-35B-Q6_K.gguf%22%3B&Expires=1787814352&Policy=eyJTdGF0ZW1lbnQiOlt7IlJlc291cmNlIjoiaHR0cHM6Ly91cy5hd3MuY2RuLmhmLmNvL3hldC1icmlkZ2UtdXMvNmE4M2ZkZjE5OTNmYmI1M2VmODNkYmIxL2M1ZTRiZDRlNWFlYWQ1NmMyOWFmNjJmYjQxODBmNjliNzdhMmY2NGNjZWQ0ZDExNzk4N2JmYmZiNjQ4NjBiZTRcXD9YLVhldC1DYXMtVWlkPXB1YmxpYyZ1c2VyX2lkPXB1YmxpYyZyZXNwb25zZS1jb250ZW50LWRpc3Bvc2l0aW9uPWlubGluZSUzQitmaWxlbmFtZSUyQSUzRFVURi04JTI3JTI3T3JuaXRoLTEuNS0zNUItUTZfSy5nZ3VmJTNCK2ZpbGVuYW1lJTNEJTIyT3JuaXRoLTEuNS0zNUItUTZfSy5nZ3VmJTIyJTNCIiwiQ29uZGl0aW9uIjp7IkRhdGVMZXNzVGhhbiI6eyJFcG9jaFRpbWUiOjE3ODc4MTQzNTJ9fX1dfQ__&Signature=MEYCIQCn0XTPb5RR2WVsdlgZGJy-9lSCLvZO3jTTTeN0v3C%7E2wIhANGG7sT3nQLBIL1cHKkNDzuNWqLaiJ55dKINAS5mGmuo&Key-Pair-Id=01KXEF4KZ1B6FV465MAWR4M21F

08/27 14:05:52 [[1;32mNOTICE[0m] CUID#22 - Redirecting to https://us.aws.cdn.hf.co/xet-bridge-us/6a83fdf1993fbb53ef83dbb1/c5e4bd4e5aead56c29af62fb4180f69b77a2f64cced4d117987bfbfb64860be4?X-Xet-Cas-Uid=public&response-content-disposition=inline%3B+filename*%3DUTF-8%27%27Ornith-1.5-35B-Q6_K.gguf%3B+filename%3D%22Ornith-1.5-35B-Q6_K.gguf%22%3B&user_id=public&Expires=1787814352&Policy=eyJTdGF0ZW1lbnQiOlt7IlJlc291cmNlIjoiaHR0cHM6Ly91cy5hd3MuY2RuLmhmLmNvL3hldC1icmlkZ2UtdXMvNmE4M2ZkZjE5OTNmYmI1M2VmODNkYmIxL2M1ZTRiZDRlNWFlYWQ1NmMyOWFmNjJmYjQxODBmNjliNzdhMmY2NGNjZWQ0ZDExNzk4N2JmYmZiNjQ4NjBiZTRcXD9YLVhldC1DYXMtVWlkPXB1YmxpYyZyZXNwb25zZS1jb250ZW50LWRpc3Bvc2l0aW9uPWlubGluZSUzQitmaWxlbmFtZSUyQSUzRFVURi04JTI3JTI3T3JuaXRoLTEuNS0zNUItUTZfSy5nZ3VmJTNCK2ZpbGVuYW1lJTNEJTIyT3JuaXRoLTEuNS0zNUItUTZfSy5nZ3VmJTIyJTNCJnVzZXJfaWQ9cHVibGljIiwiQ29uZGl0aW9uIjp7IkRhdGVMZXNzVGhhbiI6eyJFcG9jaFRpbWUiOjE3ODc4MTQzNTJ9fX1dfQ__&Signature=MEUCIAJD5gFGF96eeWC03IvuVVb0kGd5LP7bnXt680bKuUQ-AiEAxMrpO7nHkTIRiy8IYcqIYnH8wtfhnwrOGd92QN-pKKc_&Key-Pair-Id=01KXEF4KZ1B6FV465MAWR4M21F

08/27 14:05:52 [[1;32mNOTICE[0m] CUID#17 - Redirecting to https://us.aws.cdn.hf.co/xet-bridge-us/6a83fdf1993fbb53ef83dbb1/c5e4bd4e5aead56c29af62fb4180f69b77a2f64cced4d117987bfbfb64860be4?X-Xet-Cas-Uid=public&response-content-disposition=inline%3B+filename*%3DUTF-8%27%27Ornith-1.5-35B-Q6_K.gguf%3B+filename%3D%22Ornith-1.5-35B-Q6_K.gguf%22%3B&user_id=public&Expires=1787814352&Policy=eyJTdGF0ZW1lbnQiOlt7IlJlc291cmNlIjoiaHR0cHM6Ly91cy5hd3MuY2RuLmhmLmNvL3hldC1icmlkZ2UtdXMvNmE4M2ZkZjE5OTNmYmI1M2VmODNkYmIxL2M1ZTRiZDRlNWFlYWQ1NmMyOWFmNjJmYjQxODBmNjliNzdhMmY2NGNjZWQ0ZDExNzk4N2JmYmZiNjQ4NjBiZTRcXD9YLVhldC1DYXMtVWlkPXB1YmxpYyZyZXNwb25zZS1jb250ZW50LWRpc3Bvc2l0aW9uPWlubGluZSUzQitmaWxlbmFtZSUyQSUzRFVURi04JTI3JTI3T3JuaXRoLTEuNS0zNUItUTZfSy5nZ3VmJTNCK2ZpbGVuYW1lJTNEJTIyT3JuaXRoLTEuNS0zNUItUTZfSy5nZ3VmJTIyJTNCJnVzZXJfaWQ9cHVibGljIiwiQ29uZGl0aW9uIjp7IkRhdGVMZXNzVGhhbiI6eyJFcG9jaFRpbWUiOjE3ODc4MTQzNTJ9fX1dfQ__&Signature=MEUCIAJD5gFGF96eeWC03IvuVVb0kGd5LP7bnXt680bKuUQ-AiEAxMrpO7nHkTIRiy8IYcqIYnH8wtfhnwrOGd92QN-pKKc_&Key-Pair-Id=01KXEF4KZ1B6FV465MAWR4M21F

08/27 14:05:52 [[1;32mNOTICE[0m] CUID#23 - Redirecting to https://us.aws.cdn.hf.co/xet-bridge-us/6a83fdf1993fbb53ef83dbb1/c5e4bd4e5aead56c29af62fb4180f69b77a2f64cced4d117987bfbfb64860be4?user_id=public&X-Xet-Cas-Uid=public&response-content-disposition=inline%3B+filename*%3DUTF-8%27%27Ornith-1.5-35B-Q6_K.gguf%3B+filename%3D%22Ornith-1.5-35B-Q6_K.gguf%22%3B&Expires=1787814352&Policy=eyJTdGF0ZW1lbnQiOlt7IlJlc291cmNlIjoiaHR0cHM6Ly91cy5hd3MuY2RuLmhmLmNvL3hldC1icmlkZ2UtdXMvNmE4M2ZkZjE5OTNmYmI1M2VmODNkYmIxL2M1ZTRiZDRlNWFlYWQ1NmMyOWFmNjJmYjQxODBmNjliNzdhMmY2NGNjZWQ0ZDExNzk4N2JmYmZiNjQ4NjBiZTRcXD91c2VyX2lkPXB1YmxpYyZYLVhldC1DYXMtVWlkPXB1YmxpYyZyZXNwb25zZS1jb250ZW50LWRpc3Bvc2l0aW9uPWlubGluZSUzQitmaWxlbmFtZSUyQSUzRFVURi04JTI3JTI3T3JuaXRoLTEuNS0zNUItUTZfSy5nZ3VmJTNCK2ZpbGVuYW1lJTNEJTIyT3JuaXRoLTEuNS0zNUItUTZfSy5nZ3VmJTIyJTNCIiwiQ29uZGl0aW9uIjp7IkRhdGVMZXNzVGhhbiI6eyJFcG9jaFRpbWUiOjE3ODc4MTQzNTJ9fX1dfQ__&Signature=MEUCIEmfHyDs8uFcrN9HVtT1DC7eLOX30qB3kgCP9F0o1j9HAiEAkQtOWrlZ%7Ej4vf%7EgyU0YR3I%7ELyvrakhCQKhEX2vQZMpo_&Key-Pair-Id=01KXEF4KZ1B6FV465MAWR4M21F

08/27 14:05:52 [[1;32mNOTICE[0m] CUID#24 - Redirecting to https://us.aws.cdn.hf.co/xet-bridge-us/6a83fdf1993fbb53ef83dbb1/c5e4bd4e5aead56c29af62fb4180f69b77a2f64cced4d117987bfbfb64860be4?response-content-disposition=inline%3B+filename*%3DUTF-8%27%27Ornith-1.5-35B-Q6_K.gguf%3B+filename%3D%22Ornith-1.5-35B-Q6_K.gguf%22%3B&X-Xet-Cas-Uid=public&user_id=public&Expires=1787814352&Policy=eyJTdGF0ZW1lbnQiOlt7IlJlc291cmNlIjoiaHR0cHM6Ly91cy5hd3MuY2RuLmhmLmNvL3hldC1icmlkZ2UtdXMvNmE4M2ZkZjE5OTNmYmI1M2VmODNkYmIxL2M1ZTRiZDRlNWFlYWQ1NmMyOWFmNjJmYjQxODBmNjliNzdhMmY2NGNjZWQ0ZDExNzk4N2JmYmZiNjQ4NjBiZTRcXD9yZXNwb25zZS1jb250ZW50LWRpc3Bvc2l0aW9uPWlubGluZSUzQitmaWxlbmFtZSUyQSUzRFVURi04JTI3JTI3T3JuaXRoLTEuNS0zNUItUTZfSy5nZ3VmJTNCK2ZpbGVuYW1lJTNEJTIyT3JuaXRoLTEuNS0zNUItUTZfSy5nZ3VmJTIyJTNCJlgtWGV0LUNhcy1VaWQ9cHVibGljJnVzZXJfaWQ9cHVibGljIiwiQ29uZGl0aW9uIjp7IkRhdGVMZXNzVGhhbiI6eyJFcG9jaFRpbWUiOjE3ODc4MTQzNTJ9fX1dfQ__&Signature=MEUCIG3YG-SpszDnr30i3rhXjtcSywuJqwF3QtgwT6dtJujsAiEA0lsMNllXo4z9DrvmS3fQjNW3jCBGtBzoiBKoNTnLlwc_&Key-Pair-Id=01KXEF4KZ1B6FV465MAWR4M21F
[#662d24 221MiB/27GiB(0%) CN:16 DL:0B]

08/27 14:05:52 [[1;32mNOTICE[0m] CUID#16 - Redirecting to https://us.aws.cdn.hf.co/xet-bridge-us/6a83fdf1993fbb53ef83dbb1/c5e4bd4e5aead56c29af62fb4180f69b77a2f64cced4d117987bfbfb64860be4?user_id=public&X-Xet-Cas-Uid=public&response-content-disposition=inline%3B+filename*%3DUTF-8%27%27Ornith-1.5-35B-Q6_K.gguf%3B+filename%3D%22Ornith-1.5-35B-Q6_K.gguf%22%3B&Expires=1787814352&Policy=eyJTdGF0ZW1lbnQiOlt7IlJlc291cmNlIjoiaHR0cHM6Ly91cy5hd3MuY2RuLmhmLmNvL3hldC1icmlkZ2UtdXMvNmE4M2ZkZjE5OTNmYmI1M2VmODNkYmIxL2M1ZTRiZDRlNWFlYWQ1NmMyOWFmNjJmYjQxODBmNjliNzdhMmY2NGNjZWQ0ZDExNzk4N2JmYmZiNjQ4NjBiZTRcXD91c2VyX2lkPXB1YmxpYyZYLVhldC1DYXMtVWlkPXB1YmxpYyZyZXNwb25zZS1jb250ZW50LWRpc3Bvc2l0aW9uPWlubGluZSUzQitmaWxlbmFtZSUyQSUzRFVURi04JTI3JTI3T3JuaXRoLTEuNS0zNUItUTZfSy5nZ3VmJTNCK2ZpbGVuYW1lJTNEJTIyT3JuaXRoLTEuNS0zNUItUTZfSy5nZ3VmJTIyJTNCIiwiQ29uZGl0aW9uIjp7IkRhdGVMZXNzVGhhbiI6eyJFcG9jaFRpbWUiOjE3ODc4MTQzNTJ9fX1dfQ__&Signature=MEUCIEmfHyDs8uFcrN9HVtT1DC7eLOX30qB3kgCP9F0o1j9HAiEAkQtOWrlZ%7Ej4vf%7EgyU0YR3I%7ELyvrakhCQKhEX2vQZMpo_&Key-Pair-Id=01KXEF4KZ1B6FV465MAWR4M21F

08/27 14:05:53 [[1;32mNOTICE[0m] CUID#20 - Redirecting to https://us.aws.cdn.hf.co/xet-bridge-us/6a83fdf1993fbb53ef83dbb1/c5e4bd4e5aead56c29af62fb4180f69b77a2f64cced4d117987bfbfb64860be4?X-Xet-Cas-Uid=public&response-content-disposition=inline%3B+filename*%3DUTF-8%27%27Ornith-1.5-35B-Q6_K.gguf%3B+filename%3D%22Ornith-1.5-35B-Q6_K.gguf%22%3B&user_id=public&Expires=1787814352&Policy=eyJTdGF0ZW1lbnQiOlt7IlJlc291cmNlIjoiaHR0cHM6Ly91cy5hd3MuY2RuLmhmLmNvL3hldC1icmlkZ2UtdXMvNmE4M2ZkZjE5OTNmYmI1M2VmODNkYmIxL2M1ZTRiZDRlNWFlYWQ1NmMyOWFmNjJmYjQxODBmNjliNzdhMmY2NGNjZWQ0ZDExNzk4N2JmYmZiNjQ4NjBiZTRcXD9YLVhldC1DYXMtVWlkPXB1YmxpYyZyZXNwb25zZS1jb250ZW50LWRpc3Bvc2l0aW9uPWlubGluZSUzQitmaWxlbmFtZSUyQSUzRFVURi04JTI3JTI3T3JuaXRoLTEuNS0zNUItUTZfSy5nZ3VmJTNCK2ZpbGVuYW1lJTNEJTIyT3JuaXRoLTEuNS0zNUItUTZfSy5nZ3VmJTIyJTNCJnVzZXJfaWQ9cHVibGljIiwiQ29uZGl0aW9uIjp7IkRhdGVMZXNzVGhhbiI6eyJFcG9jaFRpbWUiOjE3ODc4MTQzNTJ9fX1dfQ__&Signature=MEUCIAJD5gFGF96eeWC03IvuVVb0kGd5LP7bnXt680bKuUQ-AiEAxMrpO7nHkTIRiy8IYcqIYnH8wtfhnwrOGd92QN-pKKc_&Key-Pair-Id=01KXEF4KZ1B6FV465MAWR4M21F

08/27 14:05:53 [[1;32mNOTICE[0m] CUID#11 - Redirecting to https://us.aws.cdn.hf.co/xet-bridge-us/6a83fdf1993fbb53ef83dbb1/c5e4bd4e5aead56c29af62fb4180f69b77a2f64cced4d117987bfbfb64860be4?response-content-disposition=inline%3B+filename*%3DUTF-8%27%27Ornith-1.5-35B-Q6_K.gguf%3B+filename%3D%22Ornith-1.5-35B-Q6_K.gguf%22%3B&user_id=public&X-Xet-Cas-Uid=public&Expires=1787814352&Policy=eyJTdGF0ZW1lbnQiOlt7IlJlc291cmNlIjoiaHR0cHM6Ly91cy5hd3MuY2RuLmhmLmNvL3hldC1icmlkZ2UtdXMvNmE4M2ZkZjE5OTNmYmI1M2VmODNkYmIxL2M1ZTRiZDRlNWFlYWQ1NmMyOWFmNjJmYjQxODBmNjliNzdhMmY2NGNjZWQ0ZDExNzk4N2JmYmZiNjQ4NjBiZTRcXD9yZXNwb25zZS1jb250ZW50LWRpc3Bvc2l0aW9uPWlubGluZSUzQitmaWxlbmFtZSUyQSUzRFVURi04JTI3JTI3T3JuaXRoLTEuNS0zNUItUTZfSy5nZ3VmJTNCK2ZpbGVuYW1lJTNEJTIyT3JuaXRoLTEuNS0zNUItUTZfSy5nZ3VmJTIyJTNCJnVzZXJfaWQ9cHVibGljJlgtWGV0LUNhcy1VaWQ9cHVibGljIiwiQ29uZGl0aW9uIjp7IkRhdGVMZXNzVGhhbiI6eyJFcG9jaFRpbWUiOjE3ODc4MTQzNTJ9fX1dfQ__&Signature=MEQCIBj%7EQtkULBnz7%7EwTlRg8-MOAVSnqiwunJqI25qXn-3ddAiAhCUoKS1vGxfRE23ibt8VdJoO9Rs3A8zLnN9XVPBevzw__&Key-Pair-Id=01KXEF4KZ1B6FV465MAWR4M21F

08/27 14:05:53 [[1;32mNOTICE[0m] CUID#19 - Redirecting to https://us.aws.cdn.hf.co/xet-bridge-us/6a83fdf1993fbb53ef83dbb1/c5e4bd4e5aead56c29af62fb4180f69b77a2f64cced4d117987bfbfb64860be4?response-content-disposition=inline%3B+filename*%3DUTF-8%27%27Ornith-1.5-35B-Q6_K.gguf%3B+filename%3D%22Ornith-1.5-35B-Q6_K.gguf%22%3B&X-Xet-Cas-Uid=public&user_id=public&Expires=1787814352&Policy=eyJTdGF0ZW1lbnQiOlt7IlJlc291cmNlIjoiaHR0cHM6Ly91cy5hd3MuY2RuLmhmLmNvL3hldC1icmlkZ2UtdXMvNmE4M2ZkZjE5OTNmYmI1M2VmODNkYmIxL2M1ZTRiZDRlNWFlYWQ1NmMyOWFmNjJmYjQxODBmNjliNzdhMmY2NGNjZWQ0ZDExNzk4N2JmYmZiNjQ4NjBiZTRcXD9yZXNwb25zZS1jb250ZW50LWRpc3Bvc2l0aW9uPWlubGluZSUzQitmaWxlbmFtZSUyQSUzRFVURi04JTI3JTI3T3JuaXRoLTEuNS0zNUItUTZfSy5nZ3VmJTNCK2ZpbGVuYW1lJTNEJTIyT3JuaXRoLTEuNS0zNUItUTZfSy5nZ3VmJTIyJTNCJlgtWGV0LUNhcy1VaWQ9cHVibGljJnVzZXJfaWQ9cHVibGljIiwiQ29uZGl0aW9uIjp7IkRhdGVMZXNzVGhhbiI6eyJFcG9jaFRpbWUiOjE3ODc4MTQzNTJ9fX1dfQ__&Signature=MEUCIG3YG-SpszDnr30i3rhXjtcSywuJqwF3QtgwT6dtJujsAiEA0lsMNllXo4z9DrvmS3fQjNW3jCBGtBzoiBKoNTnLlwc_&Key-Pair-Id=01KXEF4KZ1B6FV465MAWR4M21F

08/27 14:05:53 [[1;32mNOTICE[0m] CUID#18 - Redirecting to https://us.aws.cdn.hf.co/xet-bridge-us/6a83fdf1993fbb53ef83dbb1/c5e4bd4e5aead56c29af62fb4180f69b77a2f64cced4d117987bfbfb64860be4?response-content-disposition=inline%3B+filename*%3DUTF-8%27%27Ornith-1.5-35B-Q6_K.gguf%3B+filename%3D%22Ornith-1.5-35B-Q6_K.gguf%22%3B&user_id=public&X-Xet-Cas-Uid=public&Expires=1787814352&Policy=eyJTdGF0ZW1lbnQiOlt7IlJlc291cmNlIjoiaHR0cHM6Ly91cy5hd3MuY2RuLmhmLmNvL3hldC1icmlkZ2UtdXMvNmE4M2ZkZjE5OTNmYmI1M2VmODNkYmIxL2M1ZTRiZDRlNWFlYWQ1NmMyOWFmNjJmYjQxODBmNjliNzdhMmY2NGNjZWQ0ZDExNzk4N2JmYmZiNjQ4NjBiZTRcXD9yZXNwb25zZS1jb250ZW50LWRpc3Bvc2l0aW9uPWlubGluZSUzQitmaWxlbmFtZSUyQSUzRFVURi04JTI3JTI3T3JuaXRoLTEuNS0zNUItUTZfSy5nZ3VmJTNCK2ZpbGVuYW1lJTNEJTIyT3JuaXRoLTEuNS0zNUItUTZfSy5nZ3VmJTIyJTNCJnVzZXJfaWQ9cHVibGljJlgtWGV0LUNhcy1VaWQ9cHVibGljIiwiQ29uZGl0aW9uIjp7IkRhdGVMZXNzVGhhbiI6eyJFcG9jaFRpbWUiOjE3ODc4MTQzNTJ9fX1dfQ__&Signature=MEQCIBj%7EQtkULBnz7%7EwTlRg8-MOAVSnqiwunJqI25qXn-3ddAiAhCUoKS1vGxfRE23ibt8VdJoO9Rs3A8zLnN9XVPBevzw__&Key-Pair-Id=01KXEF4KZ1B6FV465MAWR4M21F

08/27 14:05:53 [[1;32mNOTICE[0m] CUID#13 - Redirecting to https://us.aws.cdn.hf.co/xet-bridge-us/6a83fdf1993fbb53ef83dbb1/c5e4bd4e5aead56c29af62fb4180f69b77a2f64cced4d117987bfbfb64860be4?X-Xet-Cas-Uid=public&response-content-disposition=inline%3B+filename*%3DUTF-8%27%27Ornith-1.5-35B-Q6_K.gguf%3B+filename%3D%22Ornith-1.5-35B-Q6_K.gguf%22%3B&user_id=public&Expires=1787814353&Policy=eyJTdGF0ZW1lbnQiOlt7IlJlc291cmNlIjoiaHR0cHM6Ly91cy5hd3MuY2RuLmhmLmNvL3hldC1icmlkZ2UtdXMvNmE4M2ZkZjE5OTNmYmI1M2VmODNkYmIxL2M1ZTRiZDRlNWFlYWQ1NmMyOWFmNjJmYjQxODBmNjliNzdhMmY2NGNjZWQ0ZDExNzk4N2JmYmZiNjQ4NjBiZTRcXD9YLVhldC1DYXMtVWlkPXB1YmxpYyZyZXNwb25zZS1jb250ZW50LWRpc3Bvc2l0aW9uPWlubGluZSUzQitmaWxlbmFtZSUyQSUzRFVURi04JTI3JTI3T3JuaXRoLTEuNS0zNUItUTZfSy5nZ3VmJTNCK2ZpbGVuYW1lJTNEJTIyT3JuaXRoLTEuNS0zNUItUTZfSy5nZ3VmJTIyJTNCJnVzZXJfaWQ9cHVibGljIiwiQ29uZGl0aW9uIjp7IkRhdGVMZXNzVGhhbiI6eyJFcG9jaFRpbWUiOjE3ODc4MTQzNTN9fX1dfQ__&Signature=MEQCIF6O6c-XeQQIBNXPKapKVxIFCOhMXgIQJAQqQDFas3zZAiAT6Do1OUuF9X-DrPKl5qZRWl69881qOcpRJatJKwn98Q__&Key-Pair-Id=01KXEF4KZ1B6FV465MAWR4M21F
[#662d24 221MiB/27GiB(0%) CN:16 DL:41KiB ETA:191h6m36s]
[#662d24 222MiB/27GiB(0%) CN:16 DL:259KiB ETA:30h15m22s]

08/27 14:05:55 [[1;32mNOTICE[0m] CUID#14 - Redirecting to https://us.aws.cdn.hf.co/xet-bridge-us/6a83fdf1993fbb53ef83dbb1/c5e4bd4e5aead56c29af62fb4180f69b77a2f64cced4d117987bfbfb64860be4?user_id=public&X-Xet-Cas-Uid=public&response-content-disposition=inline%3B+filename*%3DUTF-8%27%27Ornith-1.5-35B-Q6_K.gguf%3B+filename%3D%22Ornith-1.5-35B-Q6_K.gguf%22%3B&Expires=1787814352&Policy=eyJTdGF0ZW1lbnQiOlt7IlJlc291cmNlIjoiaHR0cHM6Ly91cy5hd3MuY2RuLmhmLmNvL3hldC1icmlkZ2UtdXMvNmE4M2ZkZjE5OTNmYmI1M2VmODNkYmIxL2M1ZTRiZDRlNWFlYWQ1NmMyOWFmNjJmYjQxODBmNjliNzdhMmY2NGNjZWQ0ZDExNzk4N2JmYmZiNjQ4NjBiZTRcXD91c2VyX2lkPXB1YmxpYyZYLVhldC1DYXMtVWlkPXB1YmxpYyZyZXNwb25zZS1jb250ZW50LWRpc3Bvc2l0aW9uPWlubGluZSUzQitmaWxlbmFtZSUyQSUzRFVURi04JTI3JTI3T3JuaXRoLTEuNS0zNUItUTZfSy5nZ3VmJTNCK2ZpbGVuYW1lJTNEJTIyT3JuaXRoLTEuNS0zNUItUTZfSy5nZ3VmJTIyJTNCIiwiQ29uZGl0aW9uIjp7IkRhdGVMZXNzVGhhbiI6eyJFcG9jaFRpbWUiOjE3ODc4MTQzNTJ9fX1dfQ__&Signature=MEUCIEmfHyDs8uFcrN9HVtT1DC7eLOX30qB3kgCP9F0o1j9HAiEAkQtOWrlZ%7Ej4vf%7EgyU0YR3I%7ELyvrakhCQKhEX2vQZMpo_&Key-Pair-Id=01KXEF4KZ1B6FV465MAWR4M21F
[#662d24 223MiB/27GiB(0%) CN:16 DL:606KiB ETA:12h57m43s]
[#662d24 225MiB/27GiB(0%) CN:16 DL:1.0MiB ETA:7h11m25s]
[#662d24 230MiB/27GiB(0%) CN:16 DL:1.7MiB ETA:4h16m53s]
[#662d24 243MiB/27GiB(0%) CN:16 DL:3.5MiB ETA:2h8m11s]
[#662d24 254MiB/27GiB(0%) CN:16 DL:4.6MiB ETA:1h38m37s]
[#662d24 272MiB/27GiB(0%) CN:16 DL:6.2MiB ETA:1h13m55s]
[#662d24 294MiB/27GiB(1%) CN:16 DL:7.8MiB ETA:58m8s]
[#662d24 302MiB/27GiB(1%) CN:16 DL:8.7MiB ETA:52m30s]
[#662d24 317MiB/27GiB(1%) CN:16 DL:10MiB ETA:44m20s]
[#662d24 335MiB/27GiB(1%) CN:16 DL:12MiB ETA:37m25s]
[#662d24 351MiB/27GiB(1%) CN:16 DL:13MiB ETA:34m3s]
[#662d24 362MiB/27GiB(1%) CN:16 DL:14MiB ETA:32m21s]
 *** Download Progress Summary as of Thu Aug 27 14:06:08 2026 *** 
===============================================================================
[#662d24 376MiB/27GiB(1%) CN:16 DL:14MiB ETA:32m16s]
FILE: /Users/wilsonxu/Models/ornith-256k/llamacpp/models/Ornith-1.5-35B-Q6_K.gguf
-------------------------------------------------------------------------------

[#662d24 376MiB/27GiB(1%) CN:16 DL:14MiB ETA:32m16s]
[#662d24 388MiB/27GiB(1%) CN:16 DL:13MiB ETA:32m46s]
[#662d24 399MiB/27GiB(1%) CN:16 DL:13MiB ETA:34m10s]
[#662d24 415MiB/27GiB(1%) CN:16 DL:12MiB ETA:35m44s]
[#662d24 429MiB/27GiB(1%) CN:16 DL:12MiB ETA:35m52s]
[#662d24 438MiB/27GiB(1%) CN:16 DL:12MiB ETA:37m]
[#662d24 455MiB/27GiB(1%) CN:16 DL:12MiB ETA:36m23s]
[#662d24 466MiB/27GiB(1%) CN:16 DL:12MiB ETA:37m33s]
[#662d24 481MiB/27GiB(1%) CN:16 DL:12MiB ETA:36m12s]
[#662d24 493MiB/27GiB(1%) CN:16 DL:12MiB ETA:36m49s]
[#662d24 507MiB/27GiB(1%) CN:16 DL:12MiB ETA:35m54s]
[#662d24 522MiB/27GiB(1%) CN:16 DL:13MiB ETA:34m56s]
[#662d24 532MiB/27GiB(1%) CN:16 DL:12MiB ETA:36m36s]
[#662d24 545MiB/27GiB(1%) CN:16 DL:12MiB ETA:37m10s]
[#662d24 560MiB/27GiB(2%) CN:16 DL:12MiB ETA:35m7s]
[#662d24 569MiB/27GiB(2%) CN:16 DL:12MiB ETA:37m24s]
[#662d24 582MiB/27GiB(2%) CN:16 DL:12MiB ETA:37m14s]
[#662d24 595MiB/27GiB(2%) CN:16 DL:12MiB ETA:37m40s]
[#662d24 607MiB/27GiB(2%) CN:16 DL:12MiB ETA:37m31s]
[#662d24 622MiB/27GiB(2%) CN:16 DL:12MiB ETA:37m19s]
[#662d24 636MiB/27GiB(2%) CN:16 DL:12MiB ETA:37m29s]
[#662d24 651MiB/27GiB(2%) CN:16 DL:12MiB ETA:36m11s]
[#662d24 661MiB/27GiB(2%) CN:16 DL:12MiB ETA:36m46s]
[#662d24 678MiB/27GiB(2%) CN:16 DL:12MiB ETA:36m12s]
[#662d24 691MiB/27GiB(2%) CN:16 DL:12MiB ETA:35m3s]
[#662d24 701MiB/27GiB(2%) CN:16 DL:12MiB ETA:35m34s]
[#662d24 713MiB/27GiB(2%) CN:16 DL:12MiB ETA:35m56s]
[#662d24 726MiB/27GiB(2%) CN:16 DL:12MiB ETA:36m6s]
[#662d24 739MiB/27GiB(2%) CN:16 DL:12MiB ETA:36m29s]
[#662d24 751MiB/27GiB(2%) CN:16 DL:12MiB ETA:37m10s]
[#662d24 764MiB/27GiB(2%) CN:16 DL:11MiB ETA:37m43s]
[#662d24 778MiB/27GiB(2%) CN:16 DL:12MiB ETA:36m33s]
[#662d24 787MiB/27GiB(2%) CN:16 DL:11MiB ETA:39m8s]
[#662d24 800MiB/27GiB(2%) CN:16 DL:11MiB ETA:39m6s]
[#662d24 815MiB/27GiB(2%) CN:16 DL:11MiB ETA:37m35s]
[#662d24 822MiB/27GiB(2%) CN:16 DL:11MiB ETA:39m11s]
[#662d24 834MiB/27GiB(2%) CN:16 DL:11MiB ETA:39m16s]
[#662d24 848MiB/27GiB(3%) CN:16 DL:11MiB ETA:39m6s]
[#662d24 858MiB/27GiB(3%) CN:16 DL:11MiB ETA:39m37s]
[#662d24 868MiB/27GiB(3%) CN:16 DL:11MiB ETA:40m33s]
[#662d24 879MiB/27GiB(3%) CN:16 DL:10MiB ETA:41m46s]
[#662d24 890MiB/27GiB(3%) CN:16 DL:11MiB ETA:40m50s]
[#662d24 900MiB/27GiB(3%) CN:16 DL:10MiB ETA:42m32s]
[#662d24 912MiB/27GiB(3%) CN:16 DL:10MiB ETA:43m39s]
[#662d24 0.9GiB/27GiB(3%) CN:16 DL:10MiB ETA:41m18s]
[#662d24 0.9GiB/27GiB(3%) CN:16 DL:10MiB ETA:43m7s]
[#662d24 0.9GiB/27GiB(3%) CN:16 DL:10MiB ETA:43m47s]
[#662d24 0.9GiB/27GiB(3%) CN:16 DL:10MiB ETA:43m52s]
[#662d24 0.9GiB/27GiB(3%) CN:16 DL:10MiB ETA:43m42s]
[#662d24 0.9GiB/27GiB(3%) CN:16 DL:10MiB ETA:43m15s]
[#662d24 0.9GiB/27GiB(3%) CN:16 DL:10MiB ETA:44m7s]
[#662d24 0.9GiB/27GiB(3%) CN:16 DL:10MiB ETA:42m36s]
[#662d24 0.9GiB/27GiB(3%) CN:16 DL:9.9MiB ETA:44m46s]
[#662d24 0.9GiB/27GiB(3%) CN:16 DL:9.8MiB ETA:45m30s]
[#662d24 1.0GiB/27GiB(3%) CN:16 DL:10MiB ETA:44m6s]
[#662d24 1.0GiB/27GiB(3%) CN:16 DL:9.5MiB ETA:46m36s]
[#662d24 1.0GiB/27GiB(3%) CN:16 DL:9.6MiB ETA:46m18s]
[#662d24 1.0GiB/27GiB(3%) CN:16 DL:9.5MiB ETA:46m49s]
 *** Download Progress Summary as of Thu Aug 27 14:07:09 2026 *** 
===============================================================================
[#662d24 1.0GiB/27GiB(3%) CN:16 DL:9.1MiB ETA:48m34s]
FILE: /Users/wilsonxu/Models/ornith-256k/llamacpp/models/Ornith-1.5-35B-Q6_K.gguf
-------------------------------------------------------------------------------

[#662d24 1.0GiB/27GiB(3%) CN:16 DL:9.1MiB ETA:48m34s]
[#662d24 1.0GiB/27GiB(3%) CN:16 DL:9.1MiB ETA:48m53s]
[#662d24 1.0GiB/27GiB(3%) CN:16 DL:8.9MiB ETA:50m3s]
[#662d24 1.0GiB/27GiB(3%) CN:16 DL:8.9MiB ETA:49m45s]
[#662d24 1.0GiB/27GiB(3%) CN:16 DL:8.5MiB ETA:52m25s]
[#662d24 1.0GiB/27GiB(3%) CN:16 DL:8.1MiB ETA:54m34s]
[#662d24 1.0GiB/27GiB(4%) CN:16 DL:8.6MiB ETA:51m29s]
[#662d24 1.0GiB/27GiB(4%) CN:16 DL:8.1MiB ETA:54m20s]
[#662d24 1.1GiB/27GiB(4%) CN:16 DL:7.9MiB ETA:55m42s]
[#662d24 1.1GiB/27GiB(4%) CN:16 DL:8.1MiB ETA:54m48s]
[#662d24 1.1GiB/27GiB(4%) CN:16 DL:8.1MiB ETA:54m18s]
[#662d24 1.1GiB/27GiB(4%) CN:16 DL:7.9MiB ETA:56m4s]
[#662d24 1.1GiB/27GiB(4%) CN:16 DL:7.8MiB ETA:56m32s]
[#662d24 1.1GiB/27GiB(4%) CN:16 DL:8.0MiB ETA:54m58s]
[#662d24 1.1GiB/27GiB(4%) CN:16 DL:8.1MiB ETA:54m22s]
[#662d24 1.1GiB/27GiB(4%) CN:16 DL:7.7MiB ETA:57m37s]
[#662d24 1.1GiB/27GiB(4%) CN:16 DL:7.8MiB ETA:56m30s]
[#662d24 1.1GiB/27GiB(4%) CN:16 DL:7.7MiB ETA:57m12s]
[#662d24 1.1GiB/27GiB(4%) CN:16 DL:7.5MiB ETA:58m58s]
[#662d24 1.1GiB/27GiB(4%) CN:16 DL:7.4MiB ETA:59m55s]
[#662d24 1.1GiB/27GiB(4%) CN:16 DL:7.3MiB ETA:1h32s]
[#662d24 1.2GiB/27GiB(4%) CN:16 DL:7.4MiB ETA:59m37s]
[#662d24 1.2GiB/27GiB(4%) CN:16 DL:7.2MiB ETA:1h1m26s]
[#662d24 1.2GiB/27GiB(4%) CN:16 DL:7.3MiB ETA:1h32s]
[#662d24 1.2GiB/27GiB(4%) CN:16 DL:7.1MiB ETA:1h2m10s]
[#662d24 1.2GiB/27GiB(4%) CN:16 DL:7.1MiB ETA:1h1m47s]
[#662d24 1.2GiB/27GiB(4%) CN:16 DL:7.4MiB ETA:59m49s]
[#662d24 1.2GiB/27GiB(4%) CN:16 DL:7.3MiB ETA:59m59s]
[#662d24 1.2GiB/27GiB(4%) CN:16 DL:7.1MiB ETA:1h1m34s]
[#662d24 1.2GiB/27GiB(4%) CN:16 DL:7.3MiB ETA:1h36s]
[#662d24 1.2GiB/27GiB(4%) CN:16 DL:7.3MiB ETA:59m48s]
[#662d24 1.2GiB/27GiB(4%) CN:16 DL:7.5MiB ETA:58m43s]
[#662d24 1.2GiB/27GiB(4%) CN:16 DL:7.3MiB ETA:1h12s]
[#662d24 1.2GiB/27GiB(4%) CN:16 DL:7.7MiB ETA:57m22s]
[#662d24 1.3GiB/27GiB(4%) CN:16 DL:7.4MiB ETA:59m28s]
[#662d24 1.3GiB/27GiB(4%) CN:16 DL:6.9MiB ETA:1h3m13s]
[#662d24 1.3GiB/27GiB(4%) CN:16 DL:7.1MiB ETA:1h1m44s]
[#662d24 1.3GiB/27GiB(4%) CN:16 DL:6.9MiB ETA:1h3m15s]
[#662d24 1.3GiB/27GiB(4%) CN:16 DL:7.0MiB ETA:1h2m19s]
[#662d24 1.3GiB/27GiB(4%) CN:16 DL:6.7MiB ETA:1h5m30s]
[#662d24 1.3GiB/27GiB(4%) CN:16 DL:6.7MiB ETA:1h5m41s]
[#662d24 1.3GiB/27GiB(4%) CN:16 DL:6.8MiB ETA:1h3m57s]
[#662d24 1.3GiB/27GiB(4%) CN:16 DL:6.5MiB ETA:1h7m8s]
[#662d24 1.3GiB/27GiB(5%) CN:16 DL:6.9MiB ETA:1h3m45s]
[#662d24 1.3GiB/27GiB(5%) CN:16 DL:7.3MiB ETA:1h10s]
[#662d24 1.3GiB/27GiB(5%) CN:16 DL:6.8MiB ETA:1h4m16s]
[#662d24 1.3GiB/27GiB(5%) CN:16 DL:7.3MiB ETA:59m36s]
[#662d24 1.3GiB/27GiB(5%) CN:16 DL:7.1MiB ETA:1h1m55s]
[#662d24 1.4GiB/27GiB(5%) CN:16 DL:7.3MiB ETA:1h4s]
[#662d24 1.4GiB/27GiB(5%) CN:16 DL:7.3MiB ETA:59m39s]
[#662d24 1.4GiB/27GiB(5%) CN:16 DL:7.1MiB ETA:1h1m47s]
[#662d24 1.4GiB/27GiB(5%) CN:16 DL:7.3MiB ETA:59m37s]
[#662d24 1.4GiB/27GiB(5%) CN:16 DL:7.2MiB ETA:1h39s]
[#662d24 1.4GiB/27GiB(5%) CN:16 DL:7.3MiB ETA:1h]
[#662d24 1.4GiB/27GiB(5%) CN:16 DL:7.5MiB ETA:57m58s]
[#662d24 1.4GiB/27GiB(5%) CN:16 DL:7.3MiB ETA:1h4s]
[#662d24 1.4GiB/27GiB(5%) CN:16 DL:7.3MiB ETA:59m44s]
[#662d24 1.4GiB/27GiB(5%) CN:16 DL:7.2MiB ETA:1h43s]
 *** Download Progress Summary as of Thu Aug 27 14:08:10 2026 *** 
===============================================================================
[#662d24 1.4GiB/27GiB(5%) CN:16 DL:7.2MiB ETA:1h39s]
FILE: /Users/wilsonxu/Models/ornith-256k/llamacpp/models/Ornith-1.5-35B-Q6_K.gguf
-------------------------------------------------------------------------------

[#662d24 1.4GiB/27GiB(5%) CN:16 DL:7.2MiB ETA:1h39s]
[#662d24 1.4GiB/27GiB(5%) CN:16 DL:7.1MiB ETA:1h1m26s]
[#662d24 1.4GiB/27GiB(5%) CN:16 DL:7.1MiB ETA:1h1m21s]
[#662d24 1.4GiB/27GiB(5%) CN:16 DL:6.9MiB ETA:1h3m8s]
[#662d24 1.5GiB/27GiB(5%) CN:16 DL:6.7MiB ETA:1h5m17s]
[#662d24 1.5GiB/27GiB(5%) CN:16 DL:6.5MiB ETA:1h7m2s]
[#662d24 1.5GiB/27GiB(5%) CN:16 DL:6.4MiB ETA:1h8m9s]
[#662d24 1.5GiB/27GiB(5%) CN:16 DL:6.2MiB ETA:1h10m24s]
[#662d24 1.5GiB/27GiB(5%) CN:16 DL:6.2MiB ETA:1h10m26s]
[#662d24 1.5GiB/27GiB(5%) CN:16 DL:5.8MiB ETA:1h14m28s]
[#662d24 1.5GiB/27GiB(5%) CN:16 DL:5.7MiB ETA:1h15m55s]
[#662d24 1.5GiB/27GiB(5%) CN:16 DL:5.6MiB ETA:1h17m57s]
[#662d24 1.5GiB/27GiB(5%) CN:16 DL:5.6MiB ETA:1h16m53s]
[#662d24 1.5GiB/27GiB(5%) CN:16 DL:5.5MiB ETA:1h18m56s]
[#662d24 1.5GiB/27GiB(5%) CN:16 DL:5.4MiB ETA:1h20m31s]
[#662d24 1.5GiB/27GiB(5%) CN:16 DL:5.4MiB ETA:1h19m45s]
[#662d24 1.5GiB/27GiB(5%) CN:16 DL:5.6MiB ETA:1h17m39s]
[#662d24 1.5GiB/27GiB(5%) CN:16 DL:5.4MiB ETA:1h20m53s]
[#662d24 1.5GiB/27GiB(5%) CN:16 DL:5.4MiB ETA:1h20m28s]
[#662d24 1.5GiB/27GiB(5%) CN:16 DL:5.5MiB ETA:1h18m32s]
[#662d24 1.5GiB/27GiB(5%) CN:16 DL:5.2MiB ETA:1h22m43s]
[#662d24 1.5GiB/27GiB(5%) CN:16 DL:5.2MiB ETA:1h23m20s]
[#662d24 1.6GiB/27GiB(5%) CN:16 DL:5.2MiB ETA:1h22m29s]
[#662d24 1.6GiB/27GiB(5%) CN:16 DL:5.2MiB ETA:1h22m30s]
[#662d24 1.6GiB/27GiB(5%) CN:16 DL:5.3MiB ETA:1h21m24s]
[#662d24 1.6GiB/27GiB(5%) CN:16 DL:5.2MiB ETA:1h22m25s]
[#662d24 1.6GiB/27GiB(5%) CN:16 DL:5.3MiB ETA:1h21m56s]
[#662d24 1.6GiB/27GiB(5%) CN:16 DL:5.1MiB ETA:1h24m9s]
[#662d24 1.6GiB/27GiB(6%) CN:16 DL:5.2MiB ETA:1h23m10s]
[#662d24 1.6GiB/27GiB(6%) CN:16 DL:5.4MiB ETA:1h20m17s]
[#662d24 1.6GiB/27GiB(6%) CN:16 DL:5.3MiB ETA:1h21m55s]
[#662d24 1.6GiB/27GiB(6%) CN:16 DL:5.2MiB ETA:1h22m49s]
[#662d24 1.6GiB/27GiB(6%) CN:16 DL:5.4MiB ETA:1h19m43s]
[#662d24 1.6GiB/27GiB(6%) CN:16 DL:5.2MiB ETA:1h23m32s]
[#662d24 1.6GiB/27GiB(6%) CN:16 DL:5.2MiB ETA:1h23m1s]
[#662d24 1.6GiB/27GiB(6%) CN:16 DL:5.4MiB ETA:1h20m21s]
[#662d24 1.6GiB/27GiB(6%) CN:16 DL:5.6MiB ETA:1h17m40s]
[#662d24 1.6GiB/27GiB(6%) CN:16 DL:5.3MiB ETA:1h20m46s]
[#662d24 1.6GiB/27GiB(6%) CN:16 DL:5.4MiB ETA:1h20m35s]
[#662d24 1.6GiB/27GiB(6%) CN:16 DL:5.3MiB ETA:1h21m11s]
[#662d24 1.7GiB/27GiB(6%) CN:16 DL:5.2MiB ETA:1h22m11s]
[#662d24 1.7GiB/27GiB(6%) CN:16 DL:5.1MiB ETA:1h24m57s]
[#662d24 1.7GiB/27GiB(6%) CN:16 DL:5.4MiB ETA:1h20m21s]
[#662d24 1.7GiB/27GiB(6%) CN:16 DL:5.2MiB ETA:1h22m3s]
[#662d24 1.7GiB/27GiB(6%) CN:16 DL:5.2MiB ETA:1h23m5s]
[#662d24 1.7GiB/27GiB(6%) CN:16 DL:5.2MiB ETA:1h23m24s]
[#662d24 1.7GiB/27GiB(6%) CN:16 DL:5.2MiB ETA:1h22m49s]
[#662d24 1.7GiB/27GiB(6%) CN:16 DL:5.1MiB ETA:1h25m4s]
[#662d24 1.7GiB/27GiB(6%) CN:16 DL:5.1MiB ETA:1h24m12s]
[#662d24 1.7GiB/27GiB(6%) CN:16 DL:5.2MiB ETA:1h23m14s]
[#662d24 1.7GiB/27GiB(6%) CN:16 DL:5.1MiB ETA:1h24m9s]
[#662d24 1.7GiB/27GiB(6%) CN:16 DL:4.9MiB ETA:1h27m19s]
[#662d24 1.7GiB/27GiB(6%) CN:16 DL:4.9MiB ETA:1h28m26s]
[#662d24 1.7GiB/27GiB(6%) CN:16 DL:4.7MiB ETA:1h30m53s]
[#662d24 1.7GiB/27GiB(6%) CN:16 DL:4.7MiB ETA:1h31m56s]
[#662d24 1.7GiB/27GiB(6%) CN:16 DL:4.7MiB ETA:1h31m2s]
[#662d24 1.7GiB/27GiB(6%) CN:16 DL:4.7MiB ETA:1h30m40s]
[#662d24 1.7GiB/27GiB(6%) CN:16 DL:4.5MiB ETA:1h35m56s]
 *** Download Progress Summary as of Thu Aug 27 14:09:10 2026 *** 
===============================================================================
[#662d24 1.7GiB/27GiB(6%) CN:16 DL:4.5MiB ETA:1h36m18s]
FILE: /Users/wilsonxu/Models/ornith-256k/llamacpp/models/Ornith-1.5-35B-Q6_K.gguf
-------------------------------------------------------------------------------

[#662d24 1.7GiB/27GiB(6%) CN:16 DL:4.5MiB ETA:1h36m18s]
[#662d24 1.7GiB/27GiB(6%) CN:16 DL:4.4MiB ETA:1h38m8s]
[#662d24 1.7GiB/27GiB(6%) CN:16 DL:4.1MiB ETA:1h44m]
[#662d24 1.8GiB/27GiB(6%) CN:16 DL:4.1MiB ETA:1h44m42s]
[#662d24 1.8GiB/27GiB(6%) CN:16 DL:4.1MiB ETA:1h44m30s]
[#662d24 1.8GiB/27GiB(6%) CN:16 DL:4.0MiB ETA:1h46m3s]
[#662d24 1.8GiB/27GiB(6%) CN:16 DL:3.9MiB ETA:1h49m42s]
[#662d24 1.8GiB/27GiB(6%) CN:16 DL:3.8MiB ETA:1h51m44s]
[#662d24 1.8GiB/27GiB(6%) CN:16 DL:4.1MiB ETA:1h45m6s]
[#662d24 1.8GiB/27GiB(6%) CN:16 DL:3.9MiB ETA:1h49m12s]
[#662d24 1.8GiB/27GiB(6%) CN:16 DL:4.0MiB ETA:1h48m2s]
[#662d24 1.8GiB/27GiB(6%) CN:16 DL:4.0MiB ETA:1h45m40s]
[#662d24 1.8GiB/27GiB(6%) CN:16 DL:4.1MiB ETA:1h44m54s]
[#662d24 1.8GiB/27GiB(6%) CN:16 DL:4.1MiB ETA:1h44m31s]
[#662d24 1.8GiB/27GiB(6%) CN:16 DL:4.1MiB ETA:1h45m14s]
[#662d24 1.8GiB/27GiB(6%) CN:16 DL:4.1MiB ETA:1h44m40s]
[#662d24 1.8GiB/27GiB(6%) CN:16 DL:4.0MiB ETA:1h46m]
[#662d24 1.8GiB/27GiB(6%) CN:16 DL:4.0MiB ETA:1h46m32s]
[#662d24 1.8GiB/27GiB(6%) CN:16 DL:4.1MiB ETA:1h43m19s]
[#662d24 1.8GiB/27GiB(6%) CN:16 DL:4.0MiB ETA:1h46m33s]
[#662d24 1.8GiB/27GiB(6%) CN:16 DL:4.1MiB ETA:1h45m12s]
[#662d24 1.8GiB/27GiB(6%) CN:16 DL:4.0MiB ETA:1h45m29s]
[#662d24 1.8GiB/27GiB(6%) CN:16 DL:3.9MiB ETA:1h49m51s]
[#662d24 1.8GiB/27GiB(6%) CN:16 DL:3.8MiB ETA:1h51m19s]
[#662d24 1.8GiB/27GiB(6%) CN:16 DL:3.8MiB ETA:1h50m46s]
[#662d24 1.8GiB/27GiB(6%) CN:16 DL:3.8MiB ETA:1h53m4s]
[#662d24 1.8GiB/27GiB(6%) CN:16 DL:3.7MiB ETA:1h53m51s]
[#662d24 1.8GiB/27GiB(6%) CN:16 DL:3.5MiB ETA:2h1m11s]
[#662d24 1.9GiB/27GiB(6%) CN:16 DL:3.7MiB ETA:1h55m4s]
[#662d24 1.9GiB/27GiB(7%) CN:16 DL:3.5MiB ETA:2h58s]
[#662d24 1.9GiB/27GiB(7%) CN:16 DL:3.5MiB ETA:2h3m]
[#662d24 1.9GiB/27GiB(7%) CN:16 DL:3.6MiB ETA:1h58m56s]
[#662d24 1.9GiB/27GiB(7%) CN:16 DL:3.5MiB ETA:2h2m2s]
[#662d24 1.9GiB/27GiB(7%) CN:16 DL:3.4MiB ETA:2h3m55s]
[#662d24 1.9GiB/27GiB(7%) CN:16 DL:3.5MiB ETA:1h59m55s]
[#662d24 1.9GiB/27GiB(7%) CN:16 DL:3.4MiB ETA:2h4m43s]
[#662d24 1.9GiB/27GiB(7%) CN:16 DL:3.5MiB ETA:2h19s]
[#662d24 1.9GiB/27GiB(7%) CN:16 DL:3.4MiB ETA:2h3m42s]
[#662d24 1.9GiB/27GiB(7%) CN:16 DL:3.5MiB ETA:2h58s]
[#662d24 1.9GiB/27GiB(7%) CN:16 DL:3.4MiB ETA:2h4m42s]
[#662d24 1.9GiB/27GiB(7%) CN:16 DL:3.4MiB ETA:2h5m58s]
[#662d24 1.9GiB/27GiB(7%) CN:16 DL:3.4MiB ETA:2h4m35s]
[#662d24 1.9GiB/27GiB(7%) CN:16 DL:3.3MiB ETA:2h8m3s]
[#662d24 1.9GiB/27GiB(7%) CN:16 DL:3.3MiB ETA:2h7m8s]
[#662d24 1.9GiB/27GiB(7%) CN:16 DL:3.3MiB ETA:2h7m15s]
[#662d24 1.9GiB/27GiB(7%) CN:16 DL:3.3MiB ETA:2h8m8s]
[#662d24 1.9GiB/27GiB(7%) CN:16 DL:3.3MiB ETA:2h9m36s]
[#662d24 1.9GiB/27GiB(7%) CN:16 DL:3.3MiB ETA:2h10m]
[#662d24 1.9GiB/27GiB(7%) CN:16 DL:3.4MiB ETA:2h5m40s]
[#662d24 1.9GiB/27GiB(7%) CN:16 DL:3.3MiB ETA:2h10m17s]
[#662d24 1.9GiB/27GiB(7%) CN:16 DL:3.3MiB ETA:2h9m]
[#662d24 1.9GiB/27GiB(7%) CN:16 DL:3.4MiB ETA:2h4m35s]
[#662d24 1.9GiB/27GiB(7%) CN:16 DL:3.2MiB ETA:2h10m22s]
[#662d24 1.9GiB/27GiB(7%) CN:16 DL:3.2MiB ETA:2h11m38s]
[#662d24 1.9GiB/27GiB(7%) CN:16 DL:3.2MiB ETA:2h12m44s]
[#662d24 1.9GiB/27GiB(7%) CN:16 DL:3.2MiB ETA:2h13m47s]
[#662d24 1.9GiB/27GiB(7%) CN:16 DL:3.1MiB ETA:2h17m46s]
[#662d24 2.0GiB/27GiB(7%) CN:16 DL:3.1MiB ETA:2h18m28s]
 *** Download Progress Summary as of Thu Aug 27 14:10:11 2026 *** 
===============================================================================
[#662d24 2.0GiB/27GiB(7%) CN:16 DL:3.1MiB ETA:2h14m51s]
FILE: /Users/wilsonxu/Models/ornith-256k/llamacpp/models/Ornith-1.5-35B-Q6_K.gguf
-------------------------------------------------------------------------------

[#662d24 2.0GiB/27GiB(7%) CN:16 DL:3.1MiB ETA:2h14m51s]
[#662d24 2.0GiB/27GiB(7%) CN:16 DL:3.0MiB ETA:2h21m44s]
[#662d24 2.0GiB/27GiB(7%) CN:16 DL:2.9MiB ETA:2h23m54s]
[#662d24 2.0GiB/27GiB(7%) CN:16 DL:3.0MiB ETA:2h20m14s]
[#662d24 2.0GiB/27GiB(7%) CN:16 DL:2.9MiB ETA:2h23m59s]
[#662d24 2.0GiB/27GiB(7%) CN:16 DL:2.9MiB ETA:2h23m53s]
[#662d24 2.0GiB/27GiB(7%) CN:16 DL:2.9MiB ETA:2h24m12s]
[#662d24 2.0GiB/27GiB(7%) CN:16 DL:3.0MiB ETA:2h21m56s]
[#662d24 2.0GiB/27GiB(7%) CN:16 DL:2.9MiB ETA:2h24m24s]
[#662d24 2.0GiB/27GiB(7%) CN:16 DL:2.8MiB ETA:2h29m43s]
[#662d24 2.0GiB/27GiB(7%) CN:16 DL:2.9MiB ETA:2h23m56s]
[#662d24 2.0GiB/27GiB(7%) CN:16 DL:2.8MiB ETA:2h29m36s]
[#662d24 2.0GiB/27GiB(7%) CN:16 DL:2.7MiB ETA:2h34m46s]
[#662d24 2.0GiB/27GiB(7%) CN:16 DL:2.7MiB ETA:2h34m25s]
[#662d24 2.0GiB/27GiB(7%) CN:16 DL:2.7MiB ETA:2h37m]
[#662d24 2.0GiB/27GiB(7%) CN:16 DL:2.6MiB ETA:2h39m17s]
[#662d24 2.0GiB/27GiB(7%) CN:16 DL:2.6MiB ETA:2h43m59s]
[#662d24 2.0GiB/27GiB(7%) CN:16 DL:2.5MiB ETA:2h51m25s]
[#662d24 2.0GiB/27GiB(7%) CN:16 DL:2.5MiB ETA:2h47m45s]
[#662d24 2.0GiB/27GiB(7%) CN:16 DL:2.4MiB ETA:2h53m9s]
[#662d24 2.0GiB/27GiB(7%) CN:16 DL:2.5MiB ETA:2h51m35s]
[#662d24 2.0GiB/27GiB(7%) CN:16 DL:2.4MiB ETA:2h57m41s]
[#662d24 2.0GiB/27GiB(7%) CN:16 DL:2.3MiB ETA:3h4m22s]

08/27 14:10:35 [[1;32mNOTICE[0m] CUID#20 - Redirecting to https://us.aws.cdn.hf.co/xet-bridge-us/6a83fdf1993fbb53ef83dbb1/c5e4bd4e5aead56c29af62fb4180f69b77a2f64cced4d117987bfbfb64860be4?response-content-disposition=inline%3B+filename*%3DUTF-8%27%27Ornith-1.5-35B-Q6_K.gguf%3B+filename%3D%22Ornith-1.5-35B-Q6_K.gguf%22%3B&user_id=public&X-Xet-Cas-Uid=public&Expires=1787814634&Policy=eyJTdGF0ZW1lbnQiOlt7IlJlc291cmNlIjoiaHR0cHM6Ly91cy5hd3MuY2RuLmhmLmNvL3hldC1icmlkZ2UtdXMvNmE4M2ZkZjE5OTNmYmI1M2VmODNkYmIxL2M1ZTRiZDRlNWFlYWQ1NmMyOWFmNjJmYjQxODBmNjliNzdhMmY2NGNjZWQ0ZDExNzk4N2JmYmZiNjQ4NjBiZTRcXD9yZXNwb25zZS1jb250ZW50LWRpc3Bvc2l0aW9uPWlubGluZSUzQitmaWxlbmFtZSUyQSUzRFVURi04JTI3JTI3T3JuaXRoLTEuNS0zNUItUTZfSy5nZ3VmJTNCK2ZpbGVuYW1lJTNEJTIyT3JuaXRoLTEuNS0zNUItUTZfSy5nZ3VmJTIyJTNCJnVzZXJfaWQ9cHVibGljJlgtWGV0LUNhcy1VaWQ9cHVibGljIiwiQ29uZGl0aW9uIjp7IkRhdGVMZXNzVGhhbiI6eyJFcG9jaFRpbWUiOjE3ODc4MTQ2MzR9fX1dfQ__&Signature=MEQCIAXU-Ppby%7EXuMeI5sSbYQLIQHksp%7EiowwKS4NY8FZpsDAiA4%7EbR-FYBeAJeS5ModHrqxmLaGaZyYapKizQd0b6E%7EFQ__&Key-Pair-Id=01KXEF4KZ1B6FV465MAWR4M21F
[#662d24 2.0GiB/27GiB(7%) CN:16 DL:2.2MiB ETA:3h14m51s]

08/27 14:10:36 [[1;32mNOTICE[0m] CUID#23 - Redirecting to https://us.aws.cdn.hf.co/xet-bridge-us/6a83fdf1993fbb53ef83dbb1/c5e4bd4e5aead56c29af62fb4180f69b77a2f64cced4d117987bfbfb64860be4?response-content-disposition=inline%3B+filename*%3DUTF-8%27%27Ornith-1.5-35B-Q6_K.gguf%3B+filename%3D%22Ornith-1.5-35B-Q6_K.gguf%22%3B&X-Xet-Cas-Uid=public&user_id=public&Expires=1787814635&Policy=eyJTdGF0ZW1lbnQiOlt7IlJlc291cmNlIjoiaHR0cHM6Ly91cy5hd3MuY2RuLmhmLmNvL3hldC1icmlkZ2UtdXMvNmE4M2ZkZjE5OTNmYmI1M2VmODNkYmIxL2M1ZTRiZDRlNWFlYWQ1NmMyOWFmNjJmYjQxODBmNjliNzdhMmY2NGNjZWQ0ZDExNzk4N2JmYmZiNjQ4NjBiZTRcXD9yZXNwb25zZS1jb250ZW50LWRpc3Bvc2l0aW9uPWlubGluZSUzQitmaWxlbmFtZSUyQSUzRFVURi04JTI3JTI3T3JuaXRoLTEuNS0zNUItUTZfSy5nZ3VmJTNCK2ZpbGVuYW1lJTNEJTIyT3JuaXRoLTEuNS0zNUItUTZfSy5nZ3VmJTIyJTNCJlgtWGV0LUNhcy1VaWQ9cHVibGljJnVzZXJfaWQ9cHVibGljIiwiQ29uZGl0aW9uIjp7IkRhdGVMZXNzVGhhbiI6eyJFcG9jaFRpbWUiOjE3ODc4MTQ2MzV9fX1dfQ__&Signature=MEYCIQCn2jf3ERW0V1abaoD-fT-c5Th0UIlidFYYf35XD4JHQAIhAJNp9L2TiJbr2yaqqE%7EomLLSIHE9ox-vmQWRbFQ1naos&Key-Pair-Id=01KXEF4KZ1B6FV465MAWR4M21F
[#662d24 2.0GiB/27GiB(7%) CN:16 DL:2.0MiB ETA:3h24m48s]

08/27 14:10:37 [[1;32mNOTICE[0m] CUID#12 - Redirecting to https://us.aws.cdn.hf.co/xet-bridge-us/6a83fdf1993fbb53ef83dbb1/c5e4bd4e5aead56c29af62fb4180f69b77a2f64cced4d117987bfbfb64860be4?user_id=public&X-Xet-Cas-Uid=public&response-content-disposition=inline%3B+filename*%3DUTF-8%27%27Ornith-1.5-35B-Q6_K.gguf%3B+filename%3D%22Ornith-1.5-35B-Q6_K.gguf%22%3B&Expires=1787814637&Policy=eyJTdGF0ZW1lbnQiOlt7IlJlc291cmNlIjoiaHR0cHM6Ly91cy5hd3MuY2RuLmhmLmNvL3hldC1icmlkZ2UtdXMvNmE4M2ZkZjE5OTNmYmI1M2VmODNkYmIxL2M1ZTRiZDRlNWFlYWQ1NmMyOWFmNjJmYjQxODBmNjliNzdhMmY2NGNjZWQ0ZDExNzk4N2JmYmZiNjQ4NjBiZTRcXD91c2VyX2lkPXB1YmxpYyZYLVhldC1DYXMtVWlkPXB1YmxpYyZyZXNwb25zZS1jb250ZW50LWRpc3Bvc2l0aW9uPWlubGluZSUzQitmaWxlbmFtZSUyQSUzRFVURi04JTI3JTI3T3JuaXRoLTEuNS0zNUItUTZfSy5nZ3VmJTNCK2ZpbGVuYW1lJTNEJTIyT3JuaXRoLTEuNS0zNUItUTZfSy5nZ3VmJTIyJTNCIiwiQ29uZGl0aW9uIjp7IkRhdGVMZXNzVGhhbiI6eyJFcG9jaFRpbWUiOjE3ODc4MTQ2Mzd9fX1dfQ__&Signature=MEUCICP7hyVOF4cb0obDnUWdJv3vgudDsrRMkY9TFBXRiYb8AiEAskuPbfJkWGmozbJUhYqca4QqoMrPQOQQFM7qxgsmAZE_&Key-Pair-Id=01KXEF4KZ1B6FV465MAWR4M21F

08/27 14:10:37 [[1;32mNOTICE[0m] CUID#14 - Redirecting to https://us.aws.cdn.hf.co/xet-bridge-us/6a83fdf1993fbb53ef83dbb1/c5e4bd4e5aead56c29af62fb4180f69b77a2f64cced4d117987bfbfb64860be4?X-Xet-Cas-Uid=public&user_id=public&response-content-disposition=inline%3B+filename*%3DUTF-8%27%27Ornith-1.5-35B-Q6_K.gguf%3B+filename%3D%22Ornith-1.5-35B-Q6_K.gguf%22%3B&Expires=1787814637&Policy=eyJTdGF0ZW1lbnQiOlt7IlJlc291cmNlIjoiaHR0cHM6Ly91cy5hd3MuY2RuLmhmLmNvL3hldC1icmlkZ2UtdXMvNmE4M2ZkZjE5OTNmYmI1M2VmODNkYmIxL2M1ZTRiZDRlNWFlYWQ1NmMyOWFmNjJmYjQxODBmNjliNzdhMmY2NGNjZWQ0ZDExNzk4N2JmYmZiNjQ4NjBiZTRcXD9YLVhldC1DYXMtVWlkPXB1YmxpYyZ1c2VyX2lkPXB1YmxpYyZyZXNwb25zZS1jb250ZW50LWRpc3Bvc2l0aW9uPWlubGluZSUzQitmaWxlbmFtZSUyQSUzRFVURi04JTI3JTI3T3JuaXRoLTEuNS0zNUItUTZfSy5nZ3VmJTNCK2ZpbGVuYW1lJTNEJTIyT3JuaXRoLTEuNS0zNUItUTZfSy5nZ3VmJTIyJTNCIiwiQ29uZGl0aW9uIjp7IkRhdGVMZXNzVGhhbiI6eyJFcG9jaFRpbWUiOjE3ODc4MTQ2Mzd9fX1dfQ__&Signature=MEUCIE0pd45jiH7PL8YZk2Fr4pERrUWpdNGEpxNev6rt9EIJAiEAzJrc%7EBhk3hLckvgbXcu8sJwZ8zDgTVeLPIFbQQtoZN8_&Key-Pair-Id=01KXEF4KZ1B6FV465MAWR4M21F
[#662d24 2.0GiB/27GiB(7%) CN:16 DL:1.9MiB ETA:3h36m25s]
[#662d24 2.0GiB/27GiB(7%) CN:16 DL:1.9MiB ETA:3h43m16s]
[#662d24 2.0GiB/27GiB(7%) CN:16 DL:1.7MiB ETA:3h58m23s]

08/27 14:10:40 [[1;32mNOTICE[0m] CUID#13 - Redirecting to https://us.aws.cdn.hf.co/xet-bridge-us/6a83fdf1993fbb53ef83dbb1/c5e4bd4e5aead56c29af62fb4180f69b77a2f64cced4d117987bfbfb64860be4?X-Xet-Cas-Uid=public&response-content-disposition=inline%3B+filename*%3DUTF-8%27%27Ornith-1.5-35B-Q6_K.gguf%3B+filename%3D%22Ornith-1.5-35B-Q6_K.gguf%22%3B&user_id=public&Expires=1787814639&Policy=eyJTdGF0ZW1lbnQiOlt7IlJlc291cmNlIjoiaHR0cHM6Ly91cy5hd3MuY2RuLmhmLmNvL3hldC1icmlkZ2UtdXMvNmE4M2ZkZjE5OTNmYmI1M2VmODNkYmIxL2M1ZTRiZDRlNWFlYWQ1NmMyOWFmNjJmYjQxODBmNjliNzdhMmY2NGNjZWQ0ZDExNzk4N2JmYmZiNjQ4NjBiZTRcXD9YLVhldC1DYXMtVWlkPXB1YmxpYyZyZXNwb25zZS1jb250ZW50LWRpc3Bvc2l0aW9uPWlubGluZSUzQitmaWxlbmFtZSUyQSUzRFVURi04JTI3JTI3T3JuaXRoLTEuNS0zNUItUTZfSy5nZ3VmJTNCK2ZpbGVuYW1lJTNEJTIyT3JuaXRoLTEuNS0zNUItUTZfSy5nZ3VmJTIyJTNCJnVzZXJfaWQ9cHVibGljIiwiQ29uZGl0aW9uIjp7IkRhdGVMZXNzVGhhbiI6eyJFcG9jaFRpbWUiOjE3ODc4MTQ2Mzl9fX1dfQ__&Signature=MEYCIQCfuiO-YgMOmZfRFjiDu5gESBNNpuZTwxdl8PMeQjupNwIhAIJNTIPyS0Id7o1Pe1LB8JBsOzp0aBFFV1ttmYMKfJr6&Key-Pair-Id=01KXEF4KZ1B6FV465MAWR4M21F

08/27 14:10:40 [[1;32mNOTICE[0m] CUID#18 - Redirecting to https://us.aws.cdn.hf.co/xet-bridge-us/6a83fdf1993fbb53ef83dbb1/c5e4bd4e5aead56c29af62fb4180f69b77a2f64cced4d117987bfbfb64860be4?user_id=public&response-content-disposition=inline%3B+filename*%3DUTF-8%27%27Ornith-1.5-35B-Q6_K.gguf%3B+filename%3D%22Ornith-1.5-35B-Q6_K.gguf%22%3B&X-Xet-Cas-Uid=public&Expires=1787814640&Policy=eyJTdGF0ZW1lbnQiOlt7IlJlc291cmNlIjoiaHR0cHM6Ly91cy5hd3MuY2RuLmhmLmNvL3hldC1icmlkZ2UtdXMvNmE4M2ZkZjE5OTNmYmI1M2VmODNkYmIxL2M1ZTRiZDRlNWFlYWQ1NmMyOWFmNjJmYjQxODBmNjliNzdhMmY2NGNjZWQ0ZDExNzk4N2JmYmZiNjQ4NjBiZTRcXD91c2VyX2lkPXB1YmxpYyZyZXNwb25zZS1jb250ZW50LWRpc3Bvc2l0aW9uPWlubGluZSUzQitmaWxlbmFtZSUyQSUzRFVURi04JTI3JTI3T3JuaXRoLTEuNS0zNUItUTZfSy5nZ3VmJTNCK2ZpbGVuYW1lJTNEJTIyT3JuaXRoLTEuNS0zNUItUTZfSy5nZ3VmJTIyJTNCJlgtWGV0LUNhcy1VaWQ9cHVibGljIiwiQ29uZGl0aW9uIjp7IkRhdGVMZXNzVGhhbiI6eyJFcG9jaFRpbWUiOjE3ODc4MTQ2NDB9fX1dfQ__&Signature=MEUCIQCw%7EYdhDLdx1VffHI9HiPVzAyDnRy5FfFaWYH2ZC%7EaUvwIgYRqOJ%7EabCapJ21s7YbInegqJQoiDA7ghUhwCFKOozc4_&Key-Pair-Id=01KXEF4KZ1B6FV465MAWR4M21F
[#662d24 2.0GiB/27GiB(7%) CN:16 DL:2.0MiB ETA:3h30m9s]

08/27 14:10:41 [[1;32mNOTICE[0m] CUID#21 - Redirecting to https://us.aws.cdn.hf.co/xet-bridge-us/6a83fdf1993fbb53ef83dbb1/c5e4bd4e5aead56c29af62fb4180f69b77a2f64cced4d117987bfbfb64860be4?response-content-disposition=inline%3B+filename*%3DUTF-8%27%27Ornith-1.5-35B-Q6_K.gguf%3B+filename%3D%22Ornith-1.5-35B-Q6_K.gguf%22%3B&user_id=public&X-Xet-Cas-Uid=public&Expires=1787814641&Policy=eyJTdGF0ZW1lbnQiOlt7IlJlc291cmNlIjoiaHR0cHM6Ly91cy5hd3MuY2RuLmhmLmNvL3hldC1icmlkZ2UtdXMvNmE4M2ZkZjE5OTNmYmI1M2VmODNkYmIxL2M1ZTRiZDRlNWFlYWQ1NmMyOWFmNjJmYjQxODBmNjliNzdhMmY2NGNjZWQ0ZDExNzk4N2JmYmZiNjQ4NjBiZTRcXD9yZXNwb25zZS1jb250ZW50LWRpc3Bvc2l0aW9uPWlubGluZSUzQitmaWxlbmFtZSUyQSUzRFVURi04JTI3JTI3T3JuaXRoLTEuNS0zNUItUTZfSy5nZ3VmJTNCK2ZpbGVuYW1lJTNEJTIyT3JuaXRoLTEuNS0zNUItUTZfSy5nZ3VmJTIyJTNCJnVzZXJfaWQ9cHVibGljJlgtWGV0LUNhcy1VaWQ9cHVibGljIiwiQ29uZGl0aW9uIjp7IkRhdGVMZXNzVGhhbiI6eyJFcG9jaFRpbWUiOjE3ODc4MTQ2NDF9fX1dfQ__&Signature=MEYCIQDuYCMHUwr80I-UI81gCZiwtWXNUA2mKYwiHCpASneO7AIhAIFuKcice33-RdySQq9ZqZQr5sj4VjfS0ERBOkGALNfB&Key-Pair-Id=01KXEF4KZ1B6FV465MAWR4M21F
[#662d24 2.0GiB/27GiB(7%) CN:16 DL:2.2MiB ETA:3h8m42s]

08/27 14:10:42 [[1;32mNOTICE[0m] CUID#17 - Redirecting to https://us.aws.cdn.hf.co/xet-bridge-us/6a83fdf1993fbb53ef83dbb1/c5e4bd4e5aead56c29af62fb4180f69b77a2f64cced4d117987bfbfb64860be4?X-Xet-Cas-Uid=public&user_id=public&response-content-disposition=inline%3B+filename*%3DUTF-8%27%27Ornith-1.5-35B-Q6_K.gguf%3B+filename%3D%22Ornith-1.5-35B-Q6_K.gguf%22%3B&Expires=1787814641&Policy=eyJTdGF0ZW1lbnQiOlt7IlJlc291cmNlIjoiaHR0cHM6Ly91cy5hd3MuY2RuLmhmLmNvL3hldC1icmlkZ2UtdXMvNmE4M2ZkZjE5OTNmYmI1M2VmODNkYmIxL2M1ZTRiZDRlNWFlYWQ1NmMyOWFmNjJmYjQxODBmNjliNzdhMmY2NGNjZWQ0ZDExNzk4N2JmYmZiNjQ4NjBiZTRcXD9YLVhldC1DYXMtVWlkPXB1YmxpYyZ1c2VyX2lkPXB1YmxpYyZyZXNwb25zZS1jb250ZW50LWRpc3Bvc2l0aW9uPWlubGluZSUzQitmaWxlbmFtZSUyQSUzRFVURi04JTI3JTI3T3JuaXRoLTEuNS0zNUItUTZfSy5nZ3VmJTNCK2ZpbGVuYW1lJTNEJTIyT3JuaXRoLTEuNS0zNUItUTZfSy5nZ3VmJTIyJTNCIiwiQ29uZGl0aW9uIjp7IkRhdGVMZXNzVGhhbiI6eyJFcG9jaFRpbWUiOjE3ODc4MTQ2NDF9fX1dfQ__&Signature=MEUCIQC4dKMwhe2GI6FTSroyA8wCbLcj0j451i2lOs6T6gcq0AIgH60mtg1BOfH6SpQT5cvndPBV7qf3kXHgMnsioTh0WEI_&Key-Pair-Id=01KXEF4KZ1B6FV465MAWR4M21F
[#662d24 2.0GiB/27GiB(7%) CN:16 DL:2.7MiB ETA:2h36m46s]
[#662d24 2.0GiB/27GiB(7%) CN:16 DL:3.4MiB ETA:2h4m30s]
[#662d24 2.1GiB/27GiB(7%) CN:16 DL:4.1MiB ETA:1h42m13s]
[#662d24 2.1GiB/27GiB(7%) CN:16 DL:5.3MiB ETA:1h20m43s]

08/27 14:10:46 [[1;32mNOTICE[0m] CUID#15 - Redirecting to https://us.aws.cdn.hf.co/xet-bridge-us/6a83fdf1993fbb53ef83dbb1/c5e4bd4e5aead56c29af62fb4180f69b77a2f64cced4d117987bfbfb64860be4?response-content-disposition=inline%3B+filename*%3DUTF-8%27%27Ornith-1.5-35B-Q6_K.gguf%3B+filename%3D%22Ornith-1.5-35B-Q6_K.gguf%22%3B&X-Xet-Cas-Uid=public&user_id=public&Expires=1787814645&Policy=eyJTdGF0ZW1lbnQiOlt7IlJlc291cmNlIjoiaHR0cHM6Ly91cy5hd3MuY2RuLmhmLmNvL3hldC1icmlkZ2UtdXMvNmE4M2ZkZjE5OTNmYmI1M2VmODNkYmIxL2M1ZTRiZDRlNWFlYWQ1NmMyOWFmNjJmYjQxODBmNjliNzdhMmY2NGNjZWQ0ZDExNzk4N2JmYmZiNjQ4NjBiZTRcXD9yZXNwb25zZS1jb250ZW50LWRpc3Bvc2l0aW9uPWlubGluZSUzQitmaWxlbmFtZSUyQSUzRFVURi04JTI3JTI3T3JuaXRoLTEuNS0zNUItUTZfSy5nZ3VmJTNCK2ZpbGVuYW1lJTNEJTIyT3JuaXRoLTEuNS0zNUItUTZfSy5nZ3VmJTIyJTNCJlgtWGV0LUNhcy1VaWQ9cHVibGljJnVzZXJfaWQ9cHVibGljIiwiQ29uZGl0aW9uIjp7IkRhdGVMZXNzVGhhbiI6eyJFcG9jaFRpbWUiOjE3ODc4MTQ2NDV9fX1dfQ__&Signature=MEQCIEdEf2h%7ED1AOHAR8Kl6wIVvUlSB-9Y9VXcDm8uWmz8AoAiBBaaJwjKw3Lx3r4nW5E%7EJZcXD2bi3BoAa9xdKl6WhDDw__&Key-Pair-Id=01KXEF4KZ1B6FV465MAWR4M21F
[#662d24 2.1GiB/27GiB(7%) CN:16 DL:6.1MiB ETA:1h9m39s]

08/27 14:10:48 [[1;32mNOTICE[0m] CUID#16 - Redirecting to https://us.aws.cdn.hf.co/xet-bridge-us/6a83fdf1993fbb53ef83dbb1/c5e4bd4e5aead56c29af62fb4180f69b77a2f64cced4d117987bfbfb64860be4?user_id=public&response-content-disposition=inline%3B+filename*%3DUTF-8%27%27Ornith-1.5-35B-Q6_K.gguf%3B+filename%3D%22Ornith-1.5-35B-Q6_K.gguf%22%3B&X-Xet-Cas-Uid=public&Expires=1787814648&Policy=eyJTdGF0ZW1lbnQiOlt7IlJlc291cmNlIjoiaHR0cHM6Ly91cy5hd3MuY2RuLmhmLmNvL3hldC1icmlkZ2UtdXMvNmE4M2ZkZjE5OTNmYmI1M2VmODNkYmIxL2M1ZTRiZDRlNWFlYWQ1NmMyOWFmNjJmYjQxODBmNjliNzdhMmY2NGNjZWQ0ZDExNzk4N2JmYmZiNjQ4NjBiZTRcXD91c2VyX2lkPXB1YmxpYyZyZXNwb25zZS1jb250ZW50LWRpc3Bvc2l0aW9uPWlubGluZSUzQitmaWxlbmFtZSUyQSUzRFVURi04JTI3JTI3T3JuaXRoLTEuNS0zNUItUTZfSy5nZ3VmJTNCK2ZpbGVuYW1lJTNEJTIyT3JuaXRoLTEuNS0zNUItUTZfSy5nZ3VmJTIyJTNCJlgtWGV0LUNhcy1VaWQ9cHVibGljIiwiQ29uZGl0aW9uIjp7IkRhdGVMZXNzVGhhbiI6eyJFcG9jaFRpbWUiOjE3ODc4MTQ2NDh9fX1dfQ__&Signature=MEUCIECZC-1NpyVBHnaDKdngu8cleb6Uq1OITsALgy%7EaLh5KAiEAjHczNg56ILfVZcab3eyWLR1sxV9n1jM5MuWhxmCAFoA_&Key-Pair-Id=01KXEF4KZ1B6FV465MAWR4M21F
[#662d24 2.1GiB/27GiB(7%) CN:16 DL:7.3MiB ETA:58m10s]
[#662d24 2.1GiB/27GiB(7%) CN:16 DL:8.3MiB ETA:51m12s]

08/27 14:10:50 [[1;32mNOTICE[0m] CUID#24 - Redirecting to https://us.aws.cdn.hf.co/xet-bridge-us/6a83fdf1993fbb53ef83dbb1/c5e4bd4e5aead56c29af62fb4180f69b77a2f64cced4d117987bfbfb64860be4?X-Xet-Cas-Uid=public&response-content-disposition=inline%3B+filename*%3DUTF-8%27%27Ornith-1.5-35B-Q6_K.gguf%3B+filename%3D%22Ornith-1.5-35B-Q6_K.gguf%22%3B&user_id=public&Expires=1787814649&Policy=eyJTdGF0ZW1lbnQiOlt7IlJlc291cmNlIjoiaHR0cHM6Ly91cy5hd3MuY2RuLmhmLmNvL3hldC1icmlkZ2UtdXMvNmE4M2ZkZjE5OTNmYmI1M2VmODNkYmIxL2M1ZTRiZDRlNWFlYWQ1NmMyOWFmNjJmYjQxODBmNjliNzdhMmY2NGNjZWQ0ZDExNzk4N2JmYmZiNjQ4NjBiZTRcXD9YLVhldC1DYXMtVWlkPXB1YmxpYyZyZXNwb25zZS1jb250ZW50LWRpc3Bvc2l0aW9uPWlubGluZSUzQitmaWxlbmFtZSUyQSUzRFVURi04JTI3JTI3T3JuaXRoLTEuNS0zNUItUTZfSy5nZ3VmJTNCK2ZpbGVuYW1lJTNEJTIyT3JuaXRoLTEuNS0zNUItUTZfSy5nZ3VmJTIyJTNCJnVzZXJfaWQ9cHVibGljIiwiQ29uZGl0aW9uIjp7IkRhdGVMZXNzVGhhbiI6eyJFcG9jaFRpbWUiOjE3ODc4MTQ2NDl9fX1dfQ__&Signature=MEYCIQDbppuFb-r8z6SpM90BdjNqnKsetphq8g8U7tPrzfHjtgIhAJcdIFFRD8IFFT0FTgSPkbH58fokmEoF-AkJppBxkRRa&Key-Pair-Id=01KXEF4KZ1B6FV465MAWR4M21F
[#662d24 2.1GiB/27GiB(7%) CN:16 DL:9.2MiB ETA:46m6s]

08/27 14:10:50 [[1;32mNOTICE[0m] CUID#10 - Redirecting to https://us.aws.cdn.hf.co/xet-bridge-us/6a83fdf1993fbb53ef83dbb1/c5e4bd4e5aead56c29af62fb4180f69b77a2f64cced4d117987bfbfb64860be4?user_id=public&X-Xet-Cas-Uid=public&response-content-disposition=inline%3B+filename*%3DUTF-8%27%27Ornith-1.5-35B-Q6_K.gguf%3B+filename%3D%22Ornith-1.5-35B-Q6_K.gguf%22%3B&Expires=1787814650&Policy=eyJTdGF0ZW1lbnQiOlt7IlJlc291cmNlIjoiaHR0cHM6Ly91cy5hd3MuY2RuLmhmLmNvL3hldC1icmlkZ2UtdXMvNmE4M2ZkZjE5OTNmYmI1M2VmODNkYmIxL2M1ZTRiZDRlNWFlYWQ1NmMyOWFmNjJmYjQxODBmNjliNzdhMmY2NGNjZWQ0ZDExNzk4N2JmYmZiNjQ4NjBiZTRcXD91c2VyX2lkPXB1YmxpYyZYLVhldC1DYXMtVWlkPXB1YmxpYyZyZXNwb25zZS1jb250ZW50LWRpc3Bvc2l0aW9uPWlubGluZSUzQitmaWxlbmFtZSUyQSUzRFVURi04JTI3JTI3T3JuaXRoLTEuNS0zNUItUTZfSy5nZ3VmJTNCK2ZpbGVuYW1lJTNEJTIyT3JuaXRoLTEuNS0zNUItUTZfSy5nZ3VmJTIyJTNCIiwiQ29uZGl0aW9uIjp7IkRhdGVMZXNzVGhhbiI6eyJFcG9jaFRpbWUiOjE3ODc4MTQ2NTB9fX1dfQ__&Signature=MEUCIQDBT56MJvnxEibc-6qM6WQTaCB8Wrr8Bz2xzrtfIfIPOwIgMEcDnGzkP8JCwK9Uaq-ZiUfOzkpmSLOXUh4yWoagDPo_&Key-Pair-Id=01KXEF4KZ1B6FV465MAWR4M21F

08/27 14:10:50 [[1;32mNOTICE[0m] CUID#11 - Redirecting to https://us.aws.cdn.hf.co/xet-bridge-us/6a83fdf1993fbb53ef83dbb1/c5e4bd4e5aead56c29af62fb4180f69b77a2f64cced4d117987bfbfb64860be4?X-Xet-Cas-Uid=public&response-content-disposition=inline%3B+filename*%3DUTF-8%27%27Ornith-1.5-35B-Q6_K.gguf%3B+filename%3D%22Ornith-1.5-35B-Q6_K.gguf%22%3B&user_id=public&Expires=1787814649&Policy=eyJTdGF0ZW1lbnQiOlt7IlJlc291cmNlIjoiaHR0cHM6Ly91cy5hd3MuY2RuLmhmLmNvL3hldC1icmlkZ2UtdXMvNmE4M2ZkZjE5OTNmYmI1M2VmODNkYmIxL2M1ZTRiZDRlNWFlYWQ1NmMyOWFmNjJmYjQxODBmNjliNzdhMmY2NGNjZWQ0ZDExNzk4N2JmYmZiNjQ4NjBiZTRcXD9YLVhldC1DYXMtVWlkPXB1YmxpYyZyZXNwb25zZS1jb250ZW50LWRpc3Bvc2l0aW9uPWlubGluZSUzQitmaWxlbmFtZSUyQSUzRFVURi04JTI3JTI3T3JuaXRoLTEuNS0zNUItUTZfSy5nZ3VmJTNCK2ZpbGVuYW1lJTNEJTIyT3JuaXRoLTEuNS0zNUItUTZfSy5nZ3VmJTIyJTNCJnVzZXJfaWQ9cHVibGljIiwiQ29uZGl0aW9uIjp7IkRhdGVMZXNzVGhhbiI6eyJFcG9jaFRpbWUiOjE3ODc4MTQ2NDl9fX1dfQ__&Signature=MEYCIQDbppuFb-r8z6SpM90BdjNqnKsetphq8g8U7tPrzfHjtgIhAJcdIFFRD8IFFT0FTgSPkbH58fokmEoF-AkJppBxkRRa&Key-Pair-Id=01KXEF4KZ1B6FV465MAWR4M21F
[#662d24 2.1GiB/27GiB(7%) CN:16 DL:9.9MiB ETA:42m50s]
[#662d24 2.1GiB/27GiB(8%) CN:16 DL:10MiB ETA:39m14s]
[#662d24 2.2GiB/27GiB(8%) CN:16 DL:11MiB ETA:36m28s]
[#662d24 2.2GiB/27GiB(8%) CN:16 DL:11MiB ETA:36m32s]
[#662d24 2.2GiB/27GiB(8%) CN:16 DL:12MiB ETA:35m15s]
[#662d24 2.2GiB/27GiB(8%) CN:16 DL:12MiB ETA:33m45s]

08/27 14:10:57 [[1;32mNOTICE[0m] CUID#9 - Redirecting to https://us.aws.cdn.hf.co/xet-bridge-us/6a83fdf1993fbb53ef83dbb1/c5e4bd4e5aead56c29af62fb4180f69b77a2f64cced4d117987bfbfb64860be4?user_id=public&X-Xet-Cas-Uid=public&response-content-disposition=inline%3B+filename*%3DUTF-8%27%27Ornith-1.5-35B-Q6_K.gguf%3B+filename%3D%22Ornith-1.5-35B-Q6_K.gguf%22%3B&Expires=1787814655&Policy=eyJTdGF0ZW1lbnQiOlt7IlJlc291cmNlIjoiaHR0cHM6Ly91cy5hd3MuY2RuLmhmLmNvL3hldC1icmlkZ2UtdXMvNmE4M2ZkZjE5OTNmYmI1M2VmODNkYmIxL2M1ZTRiZDRlNWFlYWQ1NmMyOWFmNjJmYjQxODBmNjliNzdhMmY2NGNjZWQ0ZDExNzk4N2JmYmZiNjQ4NjBiZTRcXD91c2VyX2lkPXB1YmxpYyZYLVhldC1DYXMtVWlkPXB1YmxpYyZyZXNwb25zZS1jb250ZW50LWRpc3Bvc2l0aW9uPWlubGluZSUzQitmaWxlbmFtZSUyQSUzRFVURi04JTI3JTI3T3JuaXRoLTEuNS0zNUItUTZfSy5nZ3VmJTNCK2ZpbGVuYW1lJTNEJTIyT3JuaXRoLTEuNS0zNUItUTZfSy5nZ3VmJTIyJTNCIiwiQ29uZGl0aW9uIjp7IkRhdGVMZXNzVGhhbiI6eyJFcG9jaFRpbWUiOjE3ODc4MTQ2NTV9fX1dfQ__&Signature=MEUCIQCsXdUKOSTwvldI9xHM1KCJ3jDRXNJQpXi%7Er%7E1xo9kE7AIgUIi3ZphYNlDEifqDvdAfTcCLAHZpk31pMI%7EuBL8RbBI_&Key-Pair-Id=01KXEF4KZ1B6FV465MAWR4M21F
[#662d24 2.2GiB/27GiB(8%) CN:16 DL:12MiB ETA:34m39s]
[#662d24 2.2GiB/27GiB(8%) CN:16 DL:13MiB ETA:32m38s]
[#662d24 2.2GiB/27GiB(8%) CN:16 DL:13MiB ETA:31m57s]
[#662d24 2.2GiB/27GiB(8%) CN:16 DL:13MiB ETA:31m43s]
[#662d24 2.3GiB/27GiB(8%) CN:16 DL:13MiB ETA:30m45s]
[#662d24 2.3GiB/27GiB(8%) CN:16 DL:13MiB ETA:31m45s]
[#662d24 2.3GiB/27GiB(8%) CN:16 DL:14MiB ETA:30m17s]

08/27 14:11:04 [[1;32mNOTICE[0m] CUID#22 - Redirecting to https://us.aws.cdn.hf.co/xet-bridge-us/6a83fdf1993fbb53ef83dbb1/c5e4bd4e5aead56c29af62fb4180f69b77a2f64cced4d117987bfbfb64860be4?response-content-disposition=inline%3B+filename*%3DUTF-8%27%27Ornith-1.5-35B-Q6_K.gguf%3B+filename%3D%22Ornith-1.5-35B-Q6_K.gguf%22%3B&X-Xet-Cas-Uid=public&user_id=public&Expires=1787814664&Policy=eyJTdGF0ZW1lbnQiOlt7IlJlc291cmNlIjoiaHR0cHM6Ly91cy5hd3MuY2RuLmhmLmNvL3hldC1icmlkZ2UtdXMvNmE4M2ZkZjE5OTNmYmI1M2VmODNkYmIxL2M1ZTRiZDRlNWFlYWQ1NmMyOWFmNjJmYjQxODBmNjliNzdhMmY2NGNjZWQ0ZDExNzk4N2JmYmZiNjQ4NjBiZTRcXD9yZXNwb25zZS1jb250ZW50LWRpc3Bvc2l0aW9uPWlubGluZSUzQitmaWxlbmFtZSUyQSUzRFVURi04JTI3JTI3T3JuaXRoLTEuNS0zNUItUTZfSy5nZ3VmJTNCK2ZpbGVuYW1lJTNEJTIyT3JuaXRoLTEuNS0zNUItUTZfSy5nZ3VmJTIyJTNCJlgtWGV0LUNhcy1VaWQ9cHVibGljJnVzZXJfaWQ9cHVibGljIiwiQ29uZGl0aW9uIjp7IkRhdGVMZXNzVGhhbiI6eyJFcG9jaFRpbWUiOjE3ODc4MTQ2NjR9fX1dfQ__&Signature=MEQCIFFLj%7Emke4tb7j68wXlCYIdfYglOLkqODoLvd3%7E22uQ3AiANGXfC7Z-%7ENRr1uKKaOYsSHZWUdg3JXrV24T1J6AzoDQ__&Key-Pair-Id=01KXEF4KZ1B6FV465MAWR4M21F
[#662d24 2.3GiB/27GiB(8%) CN:16 DL:13MiB ETA:30m32s]
[#662d24 2.3GiB/27GiB(8%) CN:16 DL:13MiB ETA:30m37s]
[#662d24 2.3GiB/27GiB(8%) CN:16 DL:14MiB ETA:29m24s]
[#662d24 2.3GiB/27GiB(8%) CN:16 DL:13MiB ETA:30m37s]
[#662d24 2.4GiB/27GiB(8%) CN:16 DL:13MiB ETA:30m25s]

08/27 14:11:09 [[1;32mNOTICE[0m] CUID#19 - Redirecting to https://us.aws.cdn.hf.co/xet-bridge-us/6a83fdf1993fbb53ef83dbb1/c5e4bd4e5aead56c29af62fb4180f69b77a2f64cced4d117987bfbfb64860be4?X-Xet-Cas-Uid=public&response-content-disposition=inline%3B+filename*%3DUTF-8%27%27Ornith-1.5-35B-Q6_K.gguf%3B+filename%3D%22Ornith-1.5-35B-Q6_K.gguf%22%3B&user_id=public&Expires=1787814669&Policy=eyJTdGF0ZW1lbnQiOlt7IlJlc291cmNlIjoiaHR0cHM6Ly91cy5hd3MuY2RuLmhmLmNvL3hldC1icmlkZ2UtdXMvNmE4M2ZkZjE5OTNmYmI1M2VmODNkYmIxL2M1ZTRiZDRlNWFlYWQ1NmMyOWFmNjJmYjQxODBmNjliNzdhMmY2NGNjZWQ0ZDExNzk4N2JmYmZiNjQ4NjBiZTRcXD9YLVhldC1DYXMtVWlkPXB1YmxpYyZyZXNwb25zZS1jb250ZW50LWRpc3Bvc2l0aW9uPWlubGluZSUzQitmaWxlbmFtZSUyQSUzRFVURi04JTI3JTI3T3JuaXRoLTEuNS0zNUItUTZfSy5nZ3VmJTNCK2ZpbGVuYW1lJTNEJTIyT3JuaXRoLTEuNS0zNUItUTZfSy5nZ3VmJTIyJTNCJnVzZXJfaWQ9cHVibGljIiwiQ29uZGl0aW9uIjp7IkRhdGVMZXNzVGhhbiI6eyJFcG9jaFRpbWUiOjE3ODc4MTQ2Njl9fX1dfQ__&Signature=MEYCIQCiWmc4Xu1OdDObWV5Ha8FVjQSgw9bL9sjpWngi7fkc6QIhAMhbPp%7EXtF6Uui721Mk17UhJxB%7EFIfbGGuSP28%7E51P8L&Key-Pair-Id=01KXEF4KZ1B6FV465MAWR4M21F
[#662d24 2.4GiB/27GiB(8%) CN:16 DL:13MiB ETA:31m15s]
[#662d24 2.4GiB/27GiB(8%) CN:16 DL:13MiB ETA:31m45s]
 *** Download Progress Summary as of Thu Aug 27 14:11:12 2026 *** 
===============================================================================
[#662d24 2.4GiB/27GiB(9%) CN:16 DL:13MiB ETA:31m]
FILE: /Users/wilsonxu/Models/ornith-256k/llamacpp/models/Ornith-1.5-35B-Q6_K.gguf
-------------------------------------------------------------------------------

[#662d24 2.4GiB/27GiB(9%) CN:16 DL:13MiB ETA:31m]
[#662d24 2.4GiB/27GiB(9%) CN:16 DL:13MiB ETA:31m26s]
[#662d24 2.4GiB/27GiB(9%) CN:16 DL:12MiB ETA:33m8s]
[#662d24 2.4GiB/27GiB(9%) CN:16 DL:12MiB ETA:33m6s]
[#662d24 2.5GiB/27GiB(9%) CN:16 DL:12MiB ETA:33m16s]
[#662d24 2.5GiB/27GiB(9%) CN:16 DL:12MiB ETA:32m57s]
[#662d24 2.5GiB/27GiB(9%) CN:16 DL:11MiB ETA:36m6s]
[#662d24 2.5GiB/27GiB(9%) CN:16 DL:12MiB ETA:34m36s]
[#662d24 2.5GiB/27GiB(9%) CN:16 DL:11MiB ETA:37m10s]
[#662d24 2.5GiB/27GiB(9%) CN:16 DL:11MiB ETA:37m22s]
[#662d24 2.5GiB/27GiB(9%) CN:16 DL:11MiB ETA:37m42s]
[#662d24 2.5GiB/27GiB(9%) CN:16 DL:11MiB ETA:37m37s]
[#662d24 2.5GiB/27GiB(9%) CN:16 DL:11MiB ETA:37m42s]
[#662d24 2.5GiB/27GiB(9%) CN:16 DL:10MiB ETA:39m4s]
[#662d24 2.6GiB/27GiB(9%) CN:16 DL:10MiB ETA:39m30s]
[#662d24 2.6GiB/27GiB(9%) CN:16 DL:11MiB ETA:36m57s]
[#662d24 2.6GiB/27GiB(9%) CN:16 DL:11MiB ETA:37m43s]
[#662d24 2.6GiB/27GiB(9%) CN:16 DL:11MiB ETA:37m4s]
[#662d24 2.6GiB/27GiB(9%) CN:16 DL:11MiB ETA:37m54s]
[#662d24 2.6GiB/27GiB(9%) CN:16 DL:10MiB ETA:38m5s]
[#662d24 2.6GiB/27GiB(9%) CN:16 DL:11MiB ETA:36m1s]
[#662d24 2.6GiB/27GiB(9%) CN:16 DL:10MiB ETA:38m11s]
[#662d24 2.7GiB/27GiB(9%) CN:16 DL:11MiB ETA:37m36s]
[#662d24 2.7GiB/27GiB(9%) CN:16 DL:11MiB ETA:37m50s]
[#662d24 2.7GiB/27GiB(10%) CN:16 DL:10MiB ETA:38m31s]
[#662d24 2.7GiB/27GiB(10%) CN:16 DL:10MiB ETA:38m21s]
[#662d24 2.7GiB/27GiB(10%) CN:16 DL:10MiB ETA:38m56s]
[#662d24 2.7GiB/27GiB(10%) CN:16 DL:10MiB ETA:38m56s]
[#662d24 2.7GiB/27GiB(10%) CN:16 DL:10MiB ETA:39m20s]
[#662d24 2.7GiB/27GiB(10%) CN:16 DL:10MiB ETA:41m35s]
[#662d24 2.7GiB/27GiB(10%) CN:16 DL:10MiB ETA:40m15s]
[#662d24 2.7GiB/27GiB(10%) CN:16 DL:10MiB ETA:41m22s]
[#662d24 2.8GiB/27GiB(10%) CN:16 DL:9.9MiB ETA:41m56s]
[#662d24 2.8GiB/27GiB(10%) CN:16 DL:9.9MiB ETA:42m]
[#662d24 2.8GiB/27GiB(10%) CN:16 DL:9.5MiB ETA:43m43s]
[#662d24 2.8GiB/27GiB(10%) CN:16 DL:9.6MiB ETA:43m6s]
[#662d24 2.8GiB/27GiB(10%) CN:16 DL:9.3MiB ETA:44m27s]
[#662d24 2.8GiB/27GiB(10%) CN:16 DL:9.3MiB ETA:44m35s]
[#662d24 2.8GiB/27GiB(10%) CN:16 DL:9.3MiB ETA:44m18s]
[#662d24 2.8GiB/27GiB(10%) CN:16 DL:9.1MiB ETA:45m30s]
[#662d24 2.8GiB/27GiB(10%) CN:16 DL:9.2MiB ETA:44m40s]
[#662d24 2.8GiB/27GiB(10%) CN:16 DL:8.6MiB ETA:48m7s]
[#662d24 2.8GiB/27GiB(10%) CN:16 DL:8.8MiB ETA:46m39s]
[#662d24 2.9GiB/27GiB(10%) CN:16 DL:9.0MiB ETA:45m51s]
[#662d24 2.9GiB/27GiB(10%) CN:16 DL:8.9MiB ETA:46m33s]
[#662d24 2.9GiB/27GiB(10%) CN:16 DL:8.9MiB ETA:46m16s]
[#662d24 2.9GiB/27GiB(10%) CN:16 DL:8.7MiB ETA:47m11s]
[#662d24 2.9GiB/27GiB(10%) CN:16 DL:8.6MiB ETA:47m59s]
[#662d24 2.9GiB/27GiB(10%) CN:16 DL:8.6MiB ETA:47m56s]
[#662d24 2.9GiB/27GiB(10%) CN:16 DL:8.5MiB ETA:48m28s]
[#662d24 2.9GiB/27GiB(10%) CN:16 DL:9.1MiB ETA:45m15s]
[#662d24 2.9GiB/27GiB(10%) CN:16 DL:8.5MiB ETA:48m31s]
[#662d24 2.9GiB/27GiB(10%) CN:16 DL:8.6MiB ETA:48m1s]
[#662d24 2.9GiB/27GiB(11%) CN:16 DL:8.6MiB ETA:47m53s]
[#662d24 3.0GiB/27GiB(11%) CN:16 DL:8.6MiB ETA:47m49s]
[#662d24 3.0GiB/27GiB(11%) CN:16 DL:8.6MiB ETA:47m36s]
[#662d24 3.0GiB/27GiB(11%) CN:16 DL:8.8MiB ETA:46m51s]
[#662d24 3.0GiB/27GiB(11%) CN:16 DL:8.5MiB ETA:48m30s]
 *** Download Progress Summary as of Thu Aug 27 14:12:13 2026 *** 
===============================================================================
[#662d24 3.0GiB/27GiB(11%) CN:16 DL:8.4MiB ETA:48m58s]
FILE: /Users/wilsonxu/Models/ornith-256k/llamacpp/models/Ornith-1.5-35B-Q6_K.gguf
-------------------------------------------------------------------------------

[#662d24 3.0GiB/27GiB(11%) CN:16 DL:8.4MiB ETA:48m58s]
[#662d24 3.0GiB/27GiB(11%) CN:16 DL:8.2MiB ETA:50m13s]
[#662d24 3.0GiB/27GiB(11%) CN:16 DL:8.3MiB ETA:49m3s]
[#662d24 3.0GiB/27GiB(11%) CN:16 DL:7.9MiB ETA:52m2s]
[#662d24 3.0GiB/27GiB(11%) CN:16 DL:7.9MiB ETA:51m57s]
[#662d24 3.0GiB/27GiB(11%) CN:16 DL:7.8MiB ETA:52m27s]
[#662d24 3.0GiB/27GiB(11%) CN:16 DL:7.6MiB ETA:53m32s]
[#662d24 3.0GiB/27GiB(11%) CN:16 DL:7.5MiB ETA:54m23s]
[#662d24 3.0GiB/27GiB(11%) CN:16 DL:7.6MiB ETA:53m29s]
[#662d24 3.1GiB/27GiB(11%) CN:16 DL:7.5MiB ETA:54m19s]
[#662d24 3.1GiB/27GiB(11%) CN:16 DL:7.6MiB ETA:53m58s]
[#662d24 3.1GiB/27GiB(11%) CN:16 DL:7.5MiB ETA:54m19s]
[#662d24 3.1GiB/27GiB(11%) CN:16 DL:7.9MiB ETA:51m38s]
[#662d24 3.1GiB/27GiB(11%) CN:16 DL:7.6MiB ETA:53m59s]
[#662d24 3.1GiB/27GiB(11%) CN:16 DL:7.7MiB ETA:52m52s]
[#662d24 3.1GiB/27GiB(11%) CN:16 DL:7.8MiB ETA:52m33s]
[#662d24 3.1GiB/27GiB(11%) CN:16 DL:7.7MiB ETA:52m38s]
[#662d24 3.1GiB/27GiB(11%) CN:16 DL:8.0MiB ETA:50m44s]
[#662d24 3.1GiB/27GiB(11%) CN:16 DL:8.2MiB ETA:49m34s]
[#662d24 3.1GiB/27GiB(11%) CN:16 DL:8.1MiB ETA:50m2s]
[#662d24 3.1GiB/27GiB(11%) CN:16 DL:8.1MiB ETA:50m]
[#662d24 3.2GiB/27GiB(11%) CN:16 DL:8.1MiB ETA:50m]
[#662d24 3.2GiB/27GiB(11%) CN:16 DL:8.5MiB ETA:47m36s]
[#662d24 3.2GiB/27GiB(11%) CN:16 DL:8.3MiB ETA:49m14s]
[#662d24 3.2GiB/27GiB(11%) CN:16 DL:8.5MiB ETA:48m5s]
[#662d24 3.2GiB/27GiB(11%) CN:16 DL:8.6MiB ETA:47m30s]
[#662d24 3.2GiB/27GiB(11%) CN:16 DL:8.5MiB ETA:48m2s]
[#662d24 3.2GiB/27GiB(11%) CN:16 DL:8.3MiB ETA:48m41s]
[#662d24 3.2GiB/27GiB(12%) CN:16 DL:8.4MiB ETA:48m34s]
[#662d24 3.2GiB/27GiB(12%) CN:16 DL:8.4MiB ETA:48m12s]
[#662d24 3.2GiB/27GiB(12%) CN:16 DL:8.4MiB ETA:48m3s]
[#662d24 3.2GiB/27GiB(12%) CN:16 DL:8.4MiB ETA:48m19s]
[#662d24 3.3GiB/27GiB(12%) CN:16 DL:8.8MiB ETA:46m14s]
[#662d24 3.3GiB/27GiB(12%) CN:16 DL:8.5MiB ETA:47m49s]
[#662d24 3.3GiB/27GiB(12%) CN:16 DL:8.4MiB ETA:48m25s]
[#662d24 3.3GiB/27GiB(12%) CN:16 DL:8.5MiB ETA:47m32s]
[#662d24 3.3GiB/27GiB(12%) CN:16 DL:8.5MiB ETA:47m27s]
[#662d24 3.3GiB/27GiB(12%) CN:16 DL:8.7MiB ETA:46m37s]
[#662d24 3.3GiB/27GiB(12%) CN:16 DL:8.8MiB ETA:45m55s]
[#662d24 3.3GiB/27GiB(12%) CN:16 DL:8.5MiB ETA:47m48s]
[#662d24 3.3GiB/27GiB(12%) CN:16 DL:8.2MiB ETA:49m28s]
[#662d24 3.3GiB/27GiB(12%) CN:16 DL:8.1MiB ETA:49m41s]
[#662d24 3.3GiB/27GiB(12%) CN:16 DL:8.2MiB ETA:49m7s]
[#662d24 3.3GiB/27GiB(12%) CN:16 DL:8.3MiB ETA:48m51s]
[#662d24 3.4GiB/27GiB(12%) CN:16 DL:7.9MiB ETA:51m21s]
[#662d24 3.4GiB/27GiB(12%) CN:16 DL:8.0MiB ETA:50m29s]
[#662d24 3.4GiB/27GiB(12%) CN:16 DL:7.8MiB ETA:51m44s]
[#662d24 3.4GiB/27GiB(12%) CN:16 DL:7.7MiB ETA:52m25s]
[#662d24 3.4GiB/27GiB(12%) CN:16 DL:7.8MiB ETA:51m34s]
[#662d24 3.4GiB/27GiB(12%) CN:16 DL:8.0MiB ETA:50m26s]
[#662d24 3.4GiB/27GiB(12%) CN:16 DL:7.7MiB ETA:51m59s]
[#662d24 3.4GiB/27GiB(12%) CN:16 DL:7.9MiB ETA:51m8s]
[#662d24 3.4GiB/27GiB(12%) CN:16 DL:7.9MiB ETA:50m54s]
[#662d24 3.4GiB/27GiB(12%) CN:16 DL:8.0MiB ETA:50m28s]
[#662d24 3.4GiB/27GiB(12%) CN:16 DL:7.8MiB ETA:51m19s]
[#662d24 3.4GiB/27GiB(12%) CN:16 DL:8.1MiB ETA:49m36s]
[#662d24 3.5GiB/27GiB(12%) CN:16 DL:8.0MiB ETA:50m11s]
[#662d24 3.5GiB/27GiB(12%) CN:16 DL:8.2MiB ETA:48m46s]
 *** Download Progress Summary as of Thu Aug 27 14:13:14 2026 *** 
===============================================================================
[#662d24 3.5GiB/27GiB(12%) CN:16 DL:8.2MiB ETA:48m49s]
FILE: /Users/wilsonxu/Models/ornith-256k/llamacpp/models/Ornith-1.5-35B-Q6_K.gguf
-------------------------------------------------------------------------------

[#662d24 3.5GiB/27GiB(12%) CN:16 DL:8.2MiB ETA:48m49s]
[#662d24 3.5GiB/27GiB(12%) CN:16 DL:8.2MiB ETA:48m43s]
[#662d24 3.5GiB/27GiB(13%) CN:16 DL:8.3MiB ETA:48m25s]
[#662d24 3.5GiB/27GiB(13%) CN:16 DL:8.2MiB ETA:48m54s]
[#662d24 3.5GiB/27GiB(13%) CN:16 DL:8.4MiB ETA:47m57s]
[#662d24 3.5GiB/27GiB(13%) CN:16 DL:8.4MiB ETA:47m45s]
[#662d24 3.5GiB/27GiB(13%) CN:16 DL:8.2MiB ETA:49m8s]
[#662d24 3.5GiB/27GiB(13%) CN:16 DL:8.5MiB ETA:47m23s]
[#662d24 3.5GiB/27GiB(13%) CN:16 DL:8.3MiB ETA:48m2s]
[#662d24 3.5GiB/27GiB(13%) CN:16 DL:8.5MiB ETA:47m19s]
[#662d24 3.6GiB/27GiB(13%) CN:16 DL:8.6MiB ETA:46m30s]
[#662d24 3.6GiB/27GiB(13%) CN:16 DL:8.4MiB ETA:47m31s]
[#662d24 3.6GiB/27GiB(13%) CN:16 DL:8.4MiB ETA:47m51s]
[#662d24 3.6GiB/27GiB(13%) CN:16 DL:8.2MiB ETA:48m46s]
[#662d24 3.6GiB/27GiB(13%) CN:16 DL:8.4MiB ETA:47m37s]
[#662d24 3.6GiB/27GiB(13%) CN:16 DL:8.3MiB ETA:48m3s]
[#662d24 3.6GiB/27GiB(13%) CN:16 DL:8.1MiB ETA:49m36s]
[#662d24 3.6GiB/27GiB(13%) CN:16 DL:8.1MiB ETA:49m15s]
[#662d24 3.6GiB/27GiB(13%) CN:16 DL:7.9MiB ETA:50m31s]
[#662d24 3.6GiB/27GiB(13%) CN:16 DL:7.8MiB ETA:50m56s]
[#662d24 3.6GiB/27GiB(13%) CN:16 DL:8.1MiB ETA:49m26s]
[#662d24 3.6GiB/27GiB(13%) CN:16 DL:8.0MiB ETA:50m3s]
[#662d24 3.7GiB/27GiB(13%) CN:16 DL:8.1MiB ETA:49m11s]
[#662d24 3.7GiB/27GiB(13%) CN:16 DL:8.0MiB ETA:49m56s]
[#662d24 3.7GiB/27GiB(13%) CN:16 DL:8.0MiB ETA:50m]
[#662d24 3.7GiB/27GiB(13%) CN:16 DL:7.9MiB ETA:50m9s]
[#662d24 3.7GiB/27GiB(13%) CN:16 DL:7.6MiB ETA:52m26s]
[#662d24 3.7GiB/27GiB(13%) CN:16 DL:7.7MiB ETA:51m37s]
[#662d24 3.7GiB/27GiB(13%) CN:16 DL:7.4MiB ETA:53m39s]
[#662d24 3.7GiB/27GiB(13%) CN:16 DL:7.4MiB ETA:53m34s]
[#662d24 3.7GiB/27GiB(13%) CN:16 DL:7.5MiB ETA:52m53s]
[#662d24 3.7GiB/27GiB(13%) CN:16 DL:7.1MiB ETA:55m56s]
[#662d24 3.7GiB/27GiB(13%) CN:16 DL:6.9MiB ETA:57m6s]
[#662d24 3.7GiB/27GiB(13%) CN:16 DL:7.1MiB ETA:55m53s]
[#662d24 3.7GiB/27GiB(13%) CN:16 DL:7.1MiB ETA:55m37s]
[#662d24 3.8GiB/27GiB(13%) CN:16 DL:7.1MiB ETA:55m50s]
[#662d24 3.8GiB/27GiB(14%) CN:16 DL:7.1MiB ETA:55m55s]
[#662d24 3.8GiB/27GiB(14%) CN:16 DL:7.3MiB ETA:54m13s]
[#662d24 3.8GiB/27GiB(14%) CN:16 DL:7.0MiB ETA:56m26s]
[#662d24 3.8GiB/27GiB(14%) CN:16 DL:6.4MiB ETA:1h1m45s]
[#662d24 3.8GiB/27GiB(14%) CN:16 DL:6.9MiB ETA:57m47s]
[#662d24 3.8GiB/27GiB(14%) CN:16 DL:6.8MiB ETA:58m26s]
[#662d24 3.8GiB/27GiB(14%) CN:16 DL:6.6MiB ETA:1h19s]
[#662d24 3.8GiB/27GiB(14%) CN:16 DL:6.6MiB ETA:59m50s]
[#662d24 3.8GiB/27GiB(14%) CN:16 DL:6.6MiB ETA:1h1s]
[#662d24 3.8GiB/27GiB(14%) CN:16 DL:6.7MiB ETA:59m23s]
[#662d24 3.8GiB/27GiB(14%) CN:16 DL:6.4MiB ETA:1h1m40s]
[#662d24 3.8GiB/27GiB(14%) CN:16 DL:6.3MiB ETA:1h2m13s]
[#662d24 3.8GiB/27GiB(14%) CN:16 DL:7.0MiB ETA:56m20s]
[#662d24 3.8GiB/27GiB(14%) CN:16 DL:6.7MiB ETA:58m53s]
[#662d24 3.9GiB/27GiB(14%) CN:16 DL:6.9MiB ETA:57m16s]
[#662d24 3.9GiB/27GiB(14%) CN:16 DL:6.8MiB ETA:58m20s]
[#662d24 3.9GiB/27GiB(14%) CN:16 DL:6.6MiB ETA:1h6s]
[#662d24 3.9GiB/27GiB(14%) CN:16 DL:6.7MiB ETA:58m27s]
[#662d24 3.9GiB/27GiB(14%) CN:16 DL:6.5MiB ETA:1h14s]
[#662d24 3.9GiB/27GiB(14%) CN:16 DL:6.6MiB ETA:59m48s]
[#662d24 3.9GiB/27GiB(14%) CN:16 DL:6.6MiB ETA:59m51s]
[#662d24 3.9GiB/27GiB(14%) CN:16 DL:6.5MiB ETA:1h50s]
 *** Download Progress Summary as of Thu Aug 27 14:14:15 2026 *** 
===============================================================================
[#662d24 3.9GiB/27GiB(14%) CN:16 DL:6.6MiB ETA:59m59s]
FILE: /Users/wilsonxu/Models/ornith-256k/llamacpp/models/Ornith-1.5-35B-Q6_K.gguf
-------------------------------------------------------------------------------

[#662d24 3.9GiB/27GiB(14%) CN:16 DL:6.6MiB ETA:59m59s]
[#662d24 3.9GiB/27GiB(14%) CN:16 DL:6.2MiB ETA:1h3m56s]
[#662d24 3.9GiB/27GiB(14%) CN:16 DL:6.8MiB ETA:58m10s]
[#662d24 3.9GiB/27GiB(14%) CN:16 DL:6.5MiB ETA:1h3s]
[#662d24 3.9GiB/27GiB(14%) CN:16 DL:6.4MiB ETA:1h1m18s]
[#662d24 3.9GiB/27GiB(14%) CN:16 DL:6.6MiB ETA:59m42s]
[#662d24 4.0GiB/27GiB(14%) CN:16 DL:6.7MiB ETA:58m33s]
[#662d24 4.0GiB/27GiB(14%) CN:16 DL:6.8MiB ETA:57m26s]
[#662d24 4.0GiB/27GiB(14%) CN:16 DL:6.7MiB ETA:58m44s]
[#662d24 4.0GiB/27GiB(14%) CN:16 DL:6.7MiB ETA:58m36s]
[#662d24 4.0GiB/27GiB(14%) CN:16 DL:7.2MiB ETA:54m50s]
[#662d24 4.0GiB/27GiB(14%) CN:16 DL:6.6MiB ETA:59m13s]
[#662d24 4.0GiB/27GiB(14%) CN:16 DL:7.0MiB ETA:55m52s]
[#662d24 4.0GiB/27GiB(14%) CN:16 DL:7.0MiB ETA:56m7s]
[#662d24 4.0GiB/27GiB(14%) CN:16 DL:6.9MiB ETA:56m47s]
[#662d24 4.0GiB/27GiB(14%) CN:16 DL:6.9MiB ETA:56m30s]
[#662d24 4.0GiB/27GiB(14%) CN:16 DL:7.0MiB ETA:56m20s]
[#662d24 4.0GiB/27GiB(15%) CN:16 DL:7.1MiB ETA:54m55s]
[#662d24 4.0GiB/27GiB(15%) CN:16 DL:7.0MiB ETA:55m51s]

08/27 14:14:34 [[1;32mNOTICE[0m] CUID#24 - Redirecting to https://us.aws.cdn.hf.co/xet-bridge-us/6a83fdf1993fbb53ef83dbb1/c5e4bd4e5aead56c29af62fb4180f69b77a2f64cced4d117987bfbfb64860be4?X-Xet-Cas-Uid=public&user_id=public&response-content-disposition=inline%3B+filename*%3DUTF-8%27%27Ornith-1.5-35B-Q6_K.gguf%3B+filename%3D%22Ornith-1.5-35B-Q6_K.gguf%22%3B&Expires=1787814873&Policy=eyJTdGF0ZW1lbnQiOlt7IlJlc291cmNlIjoiaHR0cHM6Ly91cy5hd3MuY2RuLmhmLmNvL3hldC1icmlkZ2UtdXMvNmE4M2ZkZjE5OTNmYmI1M2VmODNkYmIxL2M1ZTRiZDRlNWFlYWQ1NmMyOWFmNjJmYjQxODBmNjliNzdhMmY2NGNjZWQ0ZDExNzk4N2JmYmZiNjQ4NjBiZTRcXD9YLVhldC1DYXMtVWlkPXB1YmxpYyZ1c2VyX2lkPXB1YmxpYyZyZXNwb25zZS1jb250ZW50LWRpc3Bvc2l0aW9uPWlubGluZSUzQitmaWxlbmFtZSUyQSUzRFVURi04JTI3JTI3T3JuaXRoLTEuNS0zNUItUTZfSy5nZ3VmJTNCK2ZpbGVuYW1lJTNEJTIyT3JuaXRoLTEuNS0zNUItUTZfSy5nZ3VmJTIyJTNCIiwiQ29uZGl0aW9uIjp7IkRhdGVMZXNzVGhhbiI6eyJFcG9jaFRpbWUiOjE3ODc4MTQ4NzN9fX1dfQ__&Signature=MEYCIQDmMTO0-G6HbLL73NWgEHwAA2PnjlEQnyZLy7IapjktWwIhAJAKCI3bO9M%7Ec5iS32snuIDrBpjW8SCYKQ8QPQAYMmcC&Key-Pair-Id=01KXEF4KZ1B6FV465MAWR4M21F
[#662d24 4.0GiB/27GiB(15%) CN:16 DL:6.7MiB ETA:58m9s]
[#662d24 4.1GiB/27GiB(15%) CN:16 DL:6.9MiB ETA:56m41s]
[#662d24 4.1GiB/27GiB(15%) CN:16 DL:6.8MiB ETA:57m37s]
[#662d24 4.1GiB/27GiB(15%) CN:16 DL:7.2MiB ETA:54m25s]
[#662d24 4.1GiB/27GiB(15%) CN:16 DL:6.9MiB ETA:56m17s]
[#662d24 4.1GiB/27GiB(15%) CN:16 DL:6.4MiB ETA:1h48s]
[#662d24 4.1GiB/27GiB(15%) CN:16 DL:6.5MiB ETA:59m55s]
[#662d24 4.1GiB/27GiB(15%) CN:16 DL:6.5MiB ETA:59m45s]
[#662d24 4.1GiB/27GiB(15%) CN:16 DL:6.7MiB ETA:58m6s]
[#662d24 4.1GiB/27GiB(15%) CN:16 DL:6.6MiB ETA:59m30s]
[#662d24 4.1GiB/27GiB(15%) CN:16 DL:6.4MiB ETA:1h1m23s]
[#662d24 4.1GiB/27GiB(15%) CN:16 DL:6.4MiB ETA:1h58s]
[#662d24 4.1GiB/27GiB(15%) CN:16 DL:5.9MiB ETA:1h6m25s]
[#662d24 4.1GiB/27GiB(15%) CN:16 DL:6.2MiB ETA:1h3m1s]
[#662d24 4.1GiB/27GiB(15%) CN:16 DL:6.5MiB ETA:59m47s]
[#662d24 4.1GiB/27GiB(15%) CN:16 DL:6.2MiB ETA:1h3m7s]
[#662d24 4.1GiB/27GiB(15%) CN:16 DL:6.2MiB ETA:1h3m5s]
[#662d24 4.2GiB/27GiB(15%) CN:16 DL:6.1MiB ETA:1h3m49s]
[#662d24 4.2GiB/27GiB(15%) CN:16 DL:6.3MiB ETA:1h2m15s]
[#662d24 4.2GiB/27GiB(15%) CN:16 DL:6.2MiB ETA:1h3m11s]
[#662d24 4.2GiB/27GiB(15%) CN:16 DL:5.6MiB ETA:1h8m54s]
[#662d24 4.2GiB/27GiB(15%) CN:16 DL:5.7MiB ETA:1h8m16s]
[#662d24 4.2GiB/27GiB(15%) CN:16 DL:5.6MiB ETA:1h9m40s]
[#662d24 4.2GiB/27GiB(15%) CN:16 DL:5.5MiB ETA:1h10m6s]
[#662d24 4.2GiB/27GiB(15%) CN:16 DL:5.3MiB ETA:1h13m41s]
[#662d24 4.2GiB/27GiB(15%) CN:16 DL:5.1MiB ETA:1h16m2s]
[#662d24 4.2GiB/27GiB(15%) CN:16 DL:5.0MiB ETA:1h17m39s]
[#662d24 4.2GiB/27GiB(15%) CN:16 DL:4.8MiB ETA:1h20m15s]
[#662d24 4.2GiB/27GiB(15%) CN:16 DL:4.8MiB ETA:1h20m14s]
[#662d24 4.2GiB/27GiB(15%) CN:16 DL:5.1MiB ETA:1h16m44s]
[#662d24 4.2GiB/27GiB(15%) CN:16 DL:5.1MiB ETA:1h16m40s]
[#662d24 4.2GiB/27GiB(15%) CN:16 DL:4.8MiB ETA:1h19m51s]
[#662d24 4.2GiB/27GiB(15%) CN:16 DL:4.8MiB ETA:1h21m4s]
[#662d24 4.2GiB/27GiB(15%) CN:16 DL:4.8MiB ETA:1h20m9s]
[#662d24 4.2GiB/27GiB(15%) CN:16 DL:4.9MiB ETA:1h18m47s]
[#662d24 4.2GiB/27GiB(15%) CN:16 DL:4.9MiB ETA:1h18m20s]

08/27 14:15:12 [[1;32mNOTICE[0m] CUID#16 - Redirecting to https://us.aws.cdn.hf.co/xet-bridge-us/6a83fdf1993fbb53ef83dbb1/c5e4bd4e5aead56c29af62fb4180f69b77a2f64cced4d117987bfbfb64860be4?X-Xet-Cas-Uid=public&user_id=public&response-content-disposition=inline%3B+filename*%3DUTF-8%27%27Ornith-1.5-35B-Q6_K.gguf%3B+filename%3D%22Ornith-1.5-35B-Q6_K.gguf%22%3B&Expires=1787814911&Policy=eyJTdGF0ZW1lbnQiOlt7IlJlc291cmNlIjoiaHR0cHM6Ly91cy5hd3MuY2RuLmhmLmNvL3hldC1icmlkZ2UtdXMvNmE4M2ZkZjE5OTNmYmI1M2VmODNkYmIxL2M1ZTRiZDRlNWFlYWQ1NmMyOWFmNjJmYjQxODBmNjliNzdhMmY2NGNjZWQ0ZDExNzk4N2JmYmZiNjQ4NjBiZTRcXD9YLVhldC1DYXMtVWlkPXB1YmxpYyZ1c2VyX2lkPXB1YmxpYyZyZXNwb25zZS1jb250ZW50LWRpc3Bvc2l0aW9uPWlubGluZSUzQitmaWxlbmFtZSUyQSUzRFVURi04JTI3JTI3T3JuaXRoLTEuNS0zNUItUTZfSy5nZ3VmJTNCK2ZpbGVuYW1lJTNEJTIyT3JuaXRoLTEuNS0zNUItUTZfSy5nZ3VmJTIyJTNCIiwiQ29uZGl0aW9uIjp7IkRhdGVMZXNzVGhhbiI6eyJFcG9jaFRpbWUiOjE3ODc4MTQ5MTF9fX1dfQ__&Signature=MEYCIQDpKZAYFKgRXyLYyZlvH01WA6mSdph0ity1-6U-zMDsxAIhAPViKNoGb3dFSUeqKuLY9IzctpK3vCDhnAzjrb4AmokL&Key-Pair-Id=01KXEF4KZ1B6FV465MAWR4M21F
[#662d24 4.3GiB/27GiB(15%) CN:16 DL:4.9MiB ETA:1h19m12s]
[#662d24 4.3GiB/27GiB(15%) CN:16 DL:5.0MiB ETA:1h18m7s]
[#662d24 4.3GiB/27GiB(15%) CN:16 DL:4.8MiB ETA:1h19m50s]
 *** Download Progress Summary as of Thu Aug 27 14:15:15 2026 *** 
===============================================================================
[#662d24 4.3GiB/27GiB(15%) CN:16 DL:4.9MiB ETA:1h19m31s]
FILE: /Users/wilsonxu/Models/ornith-256k/llamacpp/models/Ornith-1.5-35B-Q6_K.gguf
-------------------------------------------------------------------------------

[#662d24 4.3GiB/27GiB(15%) CN:16 DL:4.9MiB ETA:1h19m31s]
[#662d24 4.3GiB/27GiB(15%) CN:16 DL:4.8MiB ETA:1h21m11s]
[#662d24 4.3GiB/27GiB(15%) CN:16 DL:5.4MiB ETA:1h11m15s]
[#662d24 4.3GiB/27GiB(15%) CN:16 DL:5.2MiB ETA:1h13m40s]
[#662d24 4.3GiB/27GiB(15%) CN:16 DL:5.5MiB ETA:1h9m46s]
[#662d24 4.3GiB/27GiB(16%) CN:16 DL:5.9MiB ETA:1h5m33s]
[#662d24 4.3GiB/27GiB(16%) CN:16 DL:6.1MiB ETA:1h2m55s]
[#662d24 4.3GiB/27GiB(16%) CN:16 DL:6.6MiB ETA:58m56s]
[#662d24 4.3GiB/27GiB(16%) CN:16 DL:7.0MiB ETA:55m36s]
[#662d24 4.3GiB/27GiB(16%) CN:16 DL:7.4MiB ETA:52m33s]
[#662d24 4.3GiB/27GiB(16%) CN:16 DL:7.5MiB ETA:51m21s]
[#662d24 4.3GiB/27GiB(16%) CN:16 DL:7.0MiB ETA:54m54s]
[#662d24 4.4GiB/27GiB(16%) CN:16 DL:7.4MiB ETA:52m27s]
[#662d24 4.4GiB/27GiB(16%) CN:16 DL:7.1MiB ETA:54m31s]
[#662d24 4.4GiB/27GiB(16%) CN:16 DL:7.1MiB ETA:54m39s]
[#662d24 4.4GiB/27GiB(16%) CN:16 DL:7.0MiB ETA:55m9s]
[#662d24 4.4GiB/27GiB(16%) CN:16 DL:6.8MiB ETA:56m33s]
[#662d24 4.4GiB/27GiB(16%) CN:16 DL:6.7MiB ETA:57m36s]
[#662d24 4.4GiB/27GiB(16%) CN:16 DL:6.5MiB ETA:59m38s]
[#662d24 4.4GiB/27GiB(16%) CN:16 DL:6.7MiB ETA:57m51s]
[#662d24 4.4GiB/27GiB(16%) CN:16 DL:6.6MiB ETA:58m6s]
[#662d24 4.4GiB/27GiB(16%) CN:16 DL:6.6MiB ETA:58m22s]
[#662d24 4.4GiB/27GiB(16%) CN:16 DL:6.7MiB ETA:57m29s]
[#662d24 4.4GiB/27GiB(16%) CN:16 DL:6.4MiB ETA:1h]
[#662d24 4.4GiB/27GiB(16%) CN:16 DL:6.4MiB ETA:1h7s]
[#662d24 4.4GiB/27GiB(16%) CN:16 DL:6.2MiB ETA:1h2m29s]
[#662d24 4.4GiB/27GiB(16%) CN:16 DL:6.2MiB ETA:1h2m9s]
[#662d24 4.5GiB/27GiB(16%) CN:16 DL:6.2MiB ETA:1h1m59s]
[#662d24 4.5GiB/27GiB(16%) CN:16 DL:6.1MiB ETA:1h3m27s]
[#662d24 4.5GiB/27GiB(16%) CN:16 DL:6.2MiB ETA:1h2m26s]
[#662d24 4.5GiB/27GiB(16%) CN:16 DL:6.0MiB ETA:1h4m28s]
[#662d24 4.5GiB/27GiB(16%) CN:16 DL:5.8MiB ETA:1h5m50s]
[#662d24 4.5GiB/27GiB(16%) CN:16 DL:6.0MiB ETA:1h4m3s]
[#662d24 4.5GiB/27GiB(16%) CN:16 DL:5.7MiB ETA:1h7m22s]
[#662d24 4.5GiB/27GiB(16%) CN:16 DL:5.8MiB ETA:1h5m56s]
[#662d24 4.5GiB/27GiB(16%) CN:16 DL:5.7MiB ETA:1h7m25s]
[#662d24 4.5GiB/27GiB(16%) CN:16 DL:5.5MiB ETA:1h9m4s]
[#662d24 4.5GiB/27GiB(16%) CN:16 DL:5.6MiB ETA:1h8m4s]
[#662d24 4.5GiB/27GiB(16%) CN:16 DL:5.6MiB ETA:1h8m54s]
[#662d24 4.5GiB/27GiB(16%) CN:16 DL:5.6MiB ETA:1h8m23s]
[#662d24 4.5GiB/27GiB(16%) CN:16 DL:5.4MiB ETA:1h10m15s]

08/27 14:15:58 [[1;32mNOTICE[0m] CUID#13 - Redirecting to https://us.aws.cdn.hf.co/xet-bridge-us/6a83fdf1993fbb53ef83dbb1/c5e4bd4e5aead56c29af62fb4180f69b77a2f64cced4d117987bfbfb64860be4?user_id=public&X-Xet-Cas-Uid=public&response-content-disposition=inline%3B+filename*%3DUTF-8%27%27Ornith-1.5-35B-Q6_K.gguf%3B+filename%3D%22Ornith-1.5-35B-Q6_K.gguf%22%3B&Expires=1787814957&Policy=eyJTdGF0ZW1lbnQiOlt7IlJlc291cmNlIjoiaHR0cHM6Ly91cy5hd3MuY2RuLmhmLmNvL3hldC1icmlkZ2UtdXMvNmE4M2ZkZjE5OTNmYmI1M2VmODNkYmIxL2M1ZTRiZDRlNWFlYWQ1NmMyOWFmNjJmYjQxODBmNjliNzdhMmY2NGNjZWQ0ZDExNzk4N2JmYmZiNjQ4NjBiZTRcXD91c2VyX2lkPXB1YmxpYyZYLVhldC1DYXMtVWlkPXB1YmxpYyZyZXNwb25zZS1jb250ZW50LWRpc3Bvc2l0aW9uPWlubGluZSUzQitmaWxlbmFtZSUyQSUzRFVURi04JTI3JTI3T3JuaXRoLTEuNS0zNUItUTZfSy5nZ3VmJTNCK2ZpbGVuYW1lJTNEJTIyT3JuaXRoLTEuNS0zNUItUTZfSy5nZ3VmJTIyJTNCIiwiQ29uZGl0aW9uIjp7IkRhdGVMZXNzVGhhbiI6eyJFcG9jaFRpbWUiOjE3ODc4MTQ5NTd9fX1dfQ__&Signature=MEUCIQCt%7EWKHmBEqOSudjPSGgO9d2p%7EvdGFgjwNGDIzYAzhawAIgR-tVxmQTMRonRxRoUWnLMT-iHpn-jXz0KF93Qglsb9w_&Key-Pair-Id=01KXEF4KZ1B6FV465MAWR4M21F
